#-----------------------------------------------------------
# Vivado v2020.1 (64-bit)
# SW Build 2902540 on Wed May 27 19:54:49 MDT 2020
# IP Build 2902112 on Wed May 27 22:43:36 MDT 2020
# Start of session at: Sun Nov 10 23:08:20 2024
# Process ID: 13588
# Current directory: E:/FPGA/RISC-V/ADC_HDMI/ADC_HDMI
# Command line: vivado.exe -gui_launcher_event rodinguilauncherevent3128 E:\FPGA\RISC-V\ADC_HDMI\ADC_HDMI\ADC_HDMI.xpr
# Log file: E:/FPGA/RISC-V/ADC_HDMI/ADC_HDMI/vivado.log
# Journal file: E:/FPGA/RISC-V/ADC_HDMI/ADC_HDMI\vivado.jou
#-----------------------------------------------------------
start_gui
open_project E:/FPGA/RISC-V/ADC_HDMI/ADC_HDMI/ADC_HDMI.xpr
Scanning sources...
Finished scanning sources
INFO: [IP_Flow 19-234] Refreshing IP repositories
INFO: [IP_Flow 19-1704] No user IP repositories specified
INFO: [IP_Flow 19-2313] Loaded Vivado IP repository 'D:/Vivado/Vivado/2020.1/data/ip'.
update_compile_order -fileset sources_1
set_property source_mgmt_mode DisplayOnly [current_project]
set_property source_mgmt_mode All [current_project]
exit
INFO: [Common 17-206] Exiting Vivado at Sun Nov 10 23:16:44 2024...
