Copyright 1986-2020 Xilinx, Inc. All Rights Reserved.
------------------------------------------------------------------------------------
| Tool Version : Vivado v.2020.1 (win64) Build 2902540 Wed May 27 19:54:49 MDT 2020
| Date         : Mon Nov 11 01:59:05 2024
| Host         : LAPTOP-C0SBPNAP running 64-bit major release  (build 9200)
| Command      : report_control_sets -verbose -file top_control_sets_placed.rpt
| Design       : top
| Device       : xc7z010
------------------------------------------------------------------------------------

Control Set Information

Table of Contents
-----------------
1. Summary
2. Histogram
3. Flip-Flop Distribution
4. Detailed Control Set Information

1. Summary
----------

+----------------------------------------------------------+-------+
|                          Status                          | Count |
+----------------------------------------------------------+-------+
| Total control sets                                       |    19 |
|    Minimum number of control sets                        |    19 |
|    Addition due to synthesis replication                 |     0 |
|    Addition due to physical synthesis replication        |     0 |
| Unused register locations in slices containing registers |    71 |
+----------------------------------------------------------+-------+
* Control sets can be merged at opt_design using control_set_merge or merge_equivalent_drivers
** Run report_qor_suggestions for automated merging and remapping suggestions


2. Histogram
------------

+--------------------+-------+
|       Fanout       | Count |
+--------------------+-------+
| Total control sets |    19 |
| >= 0 to < 4        |     0 |
| >= 4 to < 6        |     3 |
| >= 6 to < 8        |     0 |
| >= 8 to < 10       |     1 |
| >= 10 to < 12      |     3 |
| >= 12 to < 14      |     7 |
| >= 14 to < 16      |     0 |
| >= 16              |     5 |
+--------------------+-------+
* Control sets can be remapped at either synth_design or opt_design


3. Flip-Flop Distribution
-------------------------

+--------------+-----------------------+------------------------+-----------------+--------------+
| Clock Enable | Synchronous Set/Reset | Asynchronous Set/Reset | Total Registers | Total Slices |
+--------------+-----------------------+------------------------+-----------------+--------------+
| No           | No                    | No                     |             125 |           48 |
| No           | No                    | Yes                    |              63 |           22 |
| No           | Yes                   | No                     |              81 |           30 |
| Yes          | No                    | No                     |               0 |            0 |
| Yes          | No                    | Yes                    |             148 |           41 |
| Yes          | Yes                   | No                     |               0 |            0 |
+--------------+-----------------------+------------------------+-----------------+--------------+


4. Detailed Control Set Information
-----------------------------------

+-----------------------------+-----------------------------------------------------+---------------------------------------------------------------------+------------------+----------------+--------------+
|         Clock Signal        |                    Enable Signal                    |                           Set/Reset Signal                          | Slice Load Count | Bel Load Count | Bels / Slice |
+-----------------------------+-----------------------------------------------------+---------------------------------------------------------------------+------------------+----------------+--------------+
|  video_pll_m0/inst/clk_out1 |                                                     | wav_display_m1/timing_gen_xy_m0/region_active_reg                   |                2 |              4 |         2.00 |
|  video_pll_m0/inst/clk_out1 |                                                     | wav_display_m0/timing_gen_xy_m0/region_active_reg_1                 |                1 |              4 |         4.00 |
|  adc_pll_m0/inst/clk_out1   |                                                     | ad9238_sample_m1/rst_n                                              |                2 |              5 |         2.50 |
|  video_pll_m0/inst/clk_out1 |                                                     | grid_display_m0/timing_gen_xy_m0/SR[0]                              |                3 |              9 |         3.00 |
|  video_pll_m0/inst/clk_out1 |                                                     | rgb2dvi_m0/U0/DataEncoders[0].DataEncoder/pDataOutRaw[9]_i_1__1_n_0 |                3 |             10 |         3.33 |
|  video_pll_m0/inst/clk_out1 |                                                     | wav_display_m1/timing_gen_xy_m0/SR[0]                               |                2 |             11 |         5.50 |
|  video_pll_m0/inst/clk_out1 |                                                     | wav_display_m0/timing_gen_xy_m0/SR[0]                               |                2 |             11 |         5.50 |
|  adc_pll_m0/inst/clk_out1   | ad9238_sample_m0/sample_cnt                         | ad9238_sample_m1/rst_n                                              |                4 |             12 |         3.00 |
|  adc_pll_m0/inst/clk_out1   | ad9238_sample_m1/sample_cnt                         | ad9238_sample_m1/rst_n                                              |                4 |             12 |         3.00 |
|  video_pll_m0/inst/clk_out1 | wav_display_m1/timing_gen_xy_m0/y_cnt[0]_i_1__1_n_0 | ad9238_sample_m1/rst_n                                              |                3 |             12 |         4.00 |
|  video_pll_m0/inst/clk_out1 | color_bar_m0/p_0_in                                 | ad9238_sample_m1/rst_n                                              |                3 |             12 |         4.00 |
|  video_pll_m0/inst/clk_out1 | color_bar_m0/v_cnt_1                                | ad9238_sample_m1/rst_n                                              |                4 |             12 |         3.00 |
|  video_pll_m0/inst/clk_out1 | grid_display_m0/timing_gen_xy_m0/y_cnt[0]_i_1_n_0   | ad9238_sample_m1/rst_n                                              |                3 |             12 |         4.00 |
|  video_pll_m0/inst/clk_out1 | wav_display_m0/timing_gen_xy_m0/y_cnt[0]_i_1__0_n_0 | ad9238_sample_m1/rst_n                                              |                3 |             12 |         4.00 |
|  adc_pll_m0/inst/clk_out1   | ad9238_sample_m0/wait_cnt_0                         | ad9238_sample_m1/rst_n                                              |                7 |             32 |         4.57 |
|  adc_pll_m0/inst/clk_out1   | ad9238_sample_m1/wait_cnt                           | ad9238_sample_m1/rst_n                                              |               10 |             32 |         3.20 |
|  video_pll_m0/inst/clk_out1 |                                                     | rgb2dvi_m0/U0/DataEncoders[0].DataEncoder/SR[0]                     |               17 |             32 |         1.88 |
|  video_pll_m0/inst/clk_out1 |                                                     | ad9238_sample_m1/rst_n                                              |               20 |             58 |         2.90 |
|  video_pll_m0/inst/clk_out1 |                                                     |                                                                     |               50 |            134 |         2.68 |
+-----------------------------+-----------------------------------------------------+---------------------------------------------------------------------+------------------+----------------+--------------+


