Copyright 1986-2020 Xilinx, Inc. All Rights Reserved.
-----------------------------------------------------------------------------------------------------------------------------------------------
| Tool Version : Vivado v.2020.1 (win64) Build 2902540 Wed May 27 19:54:49 MDT 2020
| Date         : Mon Nov 11 01:59:16 2024
| Host         : LAPTOP-C0SBPNAP running 64-bit major release  (build 9200)
| Command      : report_methodology -file top_methodology_drc_routed.rpt -pb top_methodology_drc_routed.pb -rpx top_methodology_drc_routed.rpx
| Design       : top
| Device       : xc7z010clg400-1
| Speed File   : -1
| Design State : Fully Routed
-----------------------------------------------------------------------------------------------------------------------------------------------

Report Methodology

Table of Contents
-----------------
1. REPORT SUMMARY
2. REPORT DETAILS

1. REPORT SUMMARY
-----------------
            Netlist: netlist
          Floorplan: design_1
      Design limits: <entire design considered>
             Max violations: <unlimited>
             Violations found: 5
+-----------+------------------+-------------------------------------------------------------+------------+
| Rule      | Severity         | Description                                                 | Violations |
+-----------+------------------+-------------------------------------------------------------+------------+
| TIMING-4  | Critical Warning | Invalid primary clock redefinition on a clock tree          | 1          |
| TIMING-27 | Critical Warning | Invalid primary clock on hierarchical pin                   | 1          |
| TIMING-36 | Critical Warning | Invalid Generated Clock due to missing edge propagation     | 1          |
| TIMING-30 | Warning          | Sub-optimal master source pin selection for generated clock | 1          |
| XDCB-5    | Warning          | Runtime inefficient way to find pin objects                 | 1          |
+-----------+------------------+-------------------------------------------------------------+------------+

2. REPORT DETAILS
-----------------
TIMING-4#1 Critical Warning
Invalid primary clock redefinition on a clock tree  
Invalid clock redefinition on a clock tree. The primary clock video_pll_m0/inst/clk_in1 is defined downstream of clock sys_clk and overrides its insertion delay and/or waveform definition
Related violations: <none>

TIMING-27#1 Critical Warning
Invalid primary clock on hierarchical pin  
A primary clock video_pll_m0/inst/clk_in1 is created on an inappropriate internal pin video_pll_m0/inst/clk_in1. It is not recommended to create a primary clock on a hierarchical pin when its driver pin has a fanout connected to multiple clock pins
Related violations: <none>

TIMING-36#1 Critical Warning
Invalid Generated Clock due to missing edge propagation  
There is no rising/falling edge propagation between master clock clk_out1_video_pll to generated clock rgb2dvi_m0/U0/SerialClk
Related violations: <none>

TIMING-30#1 Warning
Sub-optimal master source pin selection for generated clock  
The generated clock rgb2dvi_m0/U0/SerialClk has a sub-optimal master source pin selection, timing can be pessimistic
Related violations: <none>

XDCB-5#1 Warning
Runtime inefficient way to find pin objects  
The option '-through : [get_pins -filter {NAME =~ *SyncAsync*/oSyncStages_reg[0]/D} -hier]' of constraint 'set_false_path' uses inefficient query to find pin objects (see constraint position '2' in the Timing Constraint window in Vivado IDE). To reduce runtime, it is recommended to get the pins through the cell objects. Please refer to Using Constraints Guide (Constraints Efficiency). An example of optimal query is: get_pins -filter {REF_PIN_NAME=~yy*} -of_objects [get_cells -hierarchical xx*].
Current XDC: e:/FPGA/RISC-V/AX7010_2023.1-course_s1_fpga-18_ad9238_hdmi/vivado_ad9238/vivado_ad9238.srcs/sources_1/ip/rgb2dvi_0/src/rgb2dvi.xdc (Line: 5)
Related violations: <none>


