#-----------------------------------------------------------
# Vivado v2020.1 (64-bit)
# SW Build 2902540 on Wed May 27 19:54:49 MDT 2020
# IP Build 2902112 on Wed May 27 22:43:36 MDT 2020
# Start of session at: Sat Nov 30 03:06:02 2024
# Process ID: 17288
# Current directory: E:/ad_hdmi/vivado_ad9238
# Command line: vivado.exe -gui_launcher_event rodinguilauncherevent16704 E:\ad_hdmi\vivado_ad9238\vivado_ad9238.xpr
# Log file: E:/ad_hdmi/vivado_ad9238/vivado.log
# Journal file: E:/ad_hdmi/vivado_ad9238\vivado.jou
#-----------------------------------------------------------
start_gui
open_project E:/ad_hdmi/vivado_ad9238/vivado_ad9238.xpr
INFO: [Project 1-313] Project file moved from 'E:/AX7010_2023.1-course_s1_fpga-18_ad9238_hdmi/vivado_ad9238' since last save.
CRITICAL WARNING: [Project 1-19] Could not find the file 'C:/Users/HP/Desktop/tclsound.tcl'.
Scanning sources...
Finished scanning sources
INFO: [IP_Flow 19-234] Refreshing IP repositories
INFO: [IP_Flow 19-1700] Loaded user IP repository 'e:/ad_hdmi/auto_create_project/my_ip'.
INFO: [IP_Flow 19-2313] Loaded Vivado IP repository 'D:/Vivado/Vivado/2020.1/data/ip'.
open_project: Time (s): cpu = 00:00:01 ; elapsed = 00:00:06 . Memory (MB): peak = 1026.086 ; gain = 0.000
update_compile_order -fileset sources_1
reset_run synth_1
launch_runs synth_1 -jobs 16
[Sat Nov 30 03:06:37 2024] Launched synth_1...
Run output will be captured here: E:/ad_hdmi/vivado_ad9238/vivado_ad9238.runs/synth_1/runme.log
open_run synth_1 -name synth_1
Design is defaulting to impl run constrset: constrs_1
Design is defaulting to synth run part: xc7z010clg400-1
INFO: [Device 21-403] Loading part xc7z010clg400-1
INFO: [Project 1-454] Reading design checkpoint 'e:/ad_hdmi/vivado_ad9238/vivado_ad9238.srcs/sources_1/ip/adc_pll/adc_pll.dcp' for cell 'adc_pll_m0'
INFO: [Project 1-454] Reading design checkpoint 'e:/ad_hdmi/vivado_ad9238/vivado_ad9238.srcs/sources_1/ip/rgb2dvi_0/rgb2dvi_0.dcp' for cell 'rgb2dvi_m0'
INFO: [Project 1-454] Reading design checkpoint 'e:/ad_hdmi/vivado_ad9238/vivado_ad9238.srcs/sources_1/ip/video_pll/video_pll.dcp' for cell 'video_pll_m0'
INFO: [Project 1-454] Reading design checkpoint 'e:/ad_hdmi/vivado_ad9238/vivado_ad9238.srcs/sources_1/ip/dpram2048x8/dpram2048x8.dcp' for cell 'Photogate_judge_m1/buffer'
INFO: [Project 1-454] Reading design checkpoint 'e:/ad_hdmi/vivado_ad9238/vivado_ad9238.srcs/sources_1/ip/clk_wiz_1/clk_wiz_1.dcp' for cell 'wave_inst/wave_clk/clk_generator_sin'
INFO: [Project 1-454] Reading design checkpoint 'e:/ad_hdmi/vivado_ad9238/vivado_ad9238.srcs/sources_1/ip/rom_tri/rom_tri.dcp' for cell 'wave_inst/wave_comparator/rom_ip1'
INFO: [Project 1-454] Reading design checkpoint 'e:/ad_hdmi/vivado_ad9238/vivado_ad9238.srcs/sources_1/ip/rom_sin/rom_sin.dcp' for cell 'wave_inst/wave_comparator/rom_ip2'
Netlist sorting complete. Time (s): cpu = 00:00:00 ; elapsed = 00:00:00.100 . Memory (MB): peak = 1312.297 ; gain = 0.000
INFO: [Netlist 29-17] Analyzing 2390 Unisim elements for replacement
INFO: [Netlist 29-28] Unisim Transformation completed in 0 CPU seconds
INFO: [Project 1-479] Netlist was created with Vivado 2020.1
INFO: [Project 1-570] Preparing netlist for logic optimization
WARNING: [Opt 31-35] Removing redundant IBUF, video_pll_m0/inst/clkin1_ibufg, from the path connected to top-level port: sys_clk 
Resolution: The tool has removed redundant IBUF. To resolve this warning, check for redundant IBUF in the input design.
WARNING: [Constraints 18-550] Could not create 'IBUF_LOW_PWR' constraint because net 'video_pll_m0/clk_in1' is not directly connected to top level port. Synthesis is ignored for IBUF_LOW_PWR but preserved for implementation.
Parsing XDC File [e:/ad_hdmi/vivado_ad9238/vivado_ad9238.srcs/sources_1/ip/rgb2dvi_0/src/rgb2dvi.xdc] for cell 'rgb2dvi_m0/U0'
Finished Parsing XDC File [e:/ad_hdmi/vivado_ad9238/vivado_ad9238.srcs/sources_1/ip/rgb2dvi_0/src/rgb2dvi.xdc] for cell 'rgb2dvi_m0/U0'
Parsing XDC File [e:/ad_hdmi/vivado_ad9238/vivado_ad9238.srcs/sources_1/ip/video_pll/video_pll_board.xdc] for cell 'video_pll_m0/inst'
Finished Parsing XDC File [e:/ad_hdmi/vivado_ad9238/vivado_ad9238.srcs/sources_1/ip/video_pll/video_pll_board.xdc] for cell 'video_pll_m0/inst'
Parsing XDC File [e:/ad_hdmi/vivado_ad9238/vivado_ad9238.srcs/sources_1/ip/video_pll/video_pll.xdc] for cell 'video_pll_m0/inst'
INFO: [Timing 38-35] Done setting XDC timing constraints. [e:/ad_hdmi/vivado_ad9238/vivado_ad9238.srcs/sources_1/ip/video_pll/video_pll.xdc:57]
INFO: [Timing 38-2] Deriving generated clocks [e:/ad_hdmi/vivado_ad9238/vivado_ad9238.srcs/sources_1/ip/video_pll/video_pll.xdc:57]
get_clocks: Time (s): cpu = 00:00:05 ; elapsed = 00:00:07 . Memory (MB): peak = 1952.809 ; gain = 547.660
Finished Parsing XDC File [e:/ad_hdmi/vivado_ad9238/vivado_ad9238.srcs/sources_1/ip/video_pll/video_pll.xdc] for cell 'video_pll_m0/inst'
Parsing XDC File [e:/ad_hdmi/vivado_ad9238/vivado_ad9238.srcs/sources_1/ip/clk_wiz_1/clk_wiz_1_board.xdc] for cell 'wave_inst/wave_clk/clk_generator_sin/inst'
Finished Parsing XDC File [e:/ad_hdmi/vivado_ad9238/vivado_ad9238.srcs/sources_1/ip/clk_wiz_1/clk_wiz_1_board.xdc] for cell 'wave_inst/wave_clk/clk_generator_sin/inst'
Parsing XDC File [e:/ad_hdmi/vivado_ad9238/vivado_ad9238.srcs/sources_1/ip/clk_wiz_1/clk_wiz_1.xdc] for cell 'wave_inst/wave_clk/clk_generator_sin/inst'
Finished Parsing XDC File [e:/ad_hdmi/vivado_ad9238/vivado_ad9238.srcs/sources_1/ip/clk_wiz_1/clk_wiz_1.xdc] for cell 'wave_inst/wave_clk/clk_generator_sin/inst'
Parsing XDC File [e:/ad_hdmi/vivado_ad9238/vivado_ad9238.srcs/sources_1/ip/adc_pll/adc_pll_board.xdc] for cell 'adc_pll_m0/inst'
Finished Parsing XDC File [e:/ad_hdmi/vivado_ad9238/vivado_ad9238.srcs/sources_1/ip/adc_pll/adc_pll_board.xdc] for cell 'adc_pll_m0/inst'
Parsing XDC File [e:/ad_hdmi/vivado_ad9238/vivado_ad9238.srcs/sources_1/ip/adc_pll/adc_pll.xdc] for cell 'adc_pll_m0/inst'
Finished Parsing XDC File [e:/ad_hdmi/vivado_ad9238/vivado_ad9238.srcs/sources_1/ip/adc_pll/adc_pll.xdc] for cell 'adc_pll_m0/inst'
Parsing XDC File [E:/ad_hdmi/vivado_ad9238/vivado_ad9238.srcs/constrs_1/new/ad9238_hdmi.xdc]
Finished Parsing XDC File [E:/ad_hdmi/vivado_ad9238/vivado_ad9238.srcs/constrs_1/new/ad9238_hdmi.xdc]
Parsing XDC File [e:/ad_hdmi/vivado_ad9238/vivado_ad9238.srcs/sources_1/ip/rgb2dvi_0/src/rgb2dvi_clocks.xdc] for cell 'rgb2dvi_m0/U0'
Finished Parsing XDC File [e:/ad_hdmi/vivado_ad9238/vivado_ad9238.srcs/sources_1/ip/rgb2dvi_0/src/rgb2dvi_clocks.xdc] for cell 'rgb2dvi_m0/U0'
Parsing XDC File [e:/ad_hdmi/vivado_ad9238/vivado_ad9238.srcs/sources_1/ip/adc_pll/adc_pll_late.xdc] for cell 'adc_pll_m0/inst'
Finished Parsing XDC File [e:/ad_hdmi/vivado_ad9238/vivado_ad9238.srcs/sources_1/ip/adc_pll/adc_pll_late.xdc] for cell 'adc_pll_m0/inst'
INFO: [Opt 31-138] Pushed 0 inverter(s) to 0 load pin(s).
Netlist sorting complete. Time (s): cpu = 00:00:00 ; elapsed = 00:00:00.005 . Memory (MB): peak = 1952.809 ; gain = 0.000
INFO: [Project 1-111] Unisim Transformation Summary:
  A total of 1029 instances were transformed.
  IOBUF => IOBUF (IBUF, OBUFT): 5 instances
  RAM256X1S => RAM256X1S (MUXF7(x2), MUXF8, RAMS64E(x4)): 1024 instances

open_run: Time (s): cpu = 00:00:14 ; elapsed = 00:00:17 . Memory (MB): peak = 2023.215 ; gain = 916.711
launch_runs impl_1 -jobs 16
INFO: [Timing 38-480] Writing timing data to binary archive.
Writing placer database...
Writing XDEF routing.
Writing XDEF routing logical nets.
Writing XDEF routing special nets.
Write XDEF Complete: Time (s): cpu = 00:00:00 ; elapsed = 00:00:00.044 . Memory (MB): peak = 2025.879 ; gain = 0.000
[Sat Nov 30 03:09:27 2024] Launched impl_1...
Run output will be captured here: E:/ad_hdmi/vivado_ad9238/vivado_ad9238.runs/impl_1/runme.log
reset_run impl_1
launch_runs impl_1 -jobs 16
INFO: [Timing 38-480] Writing timing data to binary archive.
Writing placer database...
Writing XDEF routing.
Writing XDEF routing logical nets.
Writing XDEF routing special nets.
Write XDEF Complete: Time (s): cpu = 00:00:00 ; elapsed = 00:00:00.072 . Memory (MB): peak = 2026.902 ; gain = 0.000
[Sat Nov 30 03:12:09 2024] Launched impl_1...
Run output will be captured here: E:/ad_hdmi/vivado_ad9238/vivado_ad9238.runs/impl_1/runme.log
close_design
open_run impl_1
Netlist sorting complete. Time (s): cpu = 00:00:00 ; elapsed = 00:00:00.091 . Memory (MB): peak = 2026.902 ; gain = 0.000
INFO: [Netlist 29-17] Analyzing 2390 Unisim elements for replacement
INFO: [Netlist 29-28] Unisim Transformation completed in 0 CPU seconds
INFO: [Project 1-479] Netlist was created with Vivado 2020.1
INFO: [Project 1-570] Preparing netlist for logic optimization
WARNING: [Constraints 18-550] Could not create 'IBUF_LOW_PWR' constraint because net 'video_pll_m0/clk_in1' is not directly connected to top level port. Synthesis is ignored for IBUF_LOW_PWR but preserved for implementation.
INFO: [Timing 38-478] Restoring timing data from binary archive.
INFO: [Timing 38-479] Binary timing data restore complete.
INFO: [Project 1-856] Restoring constraints from binary archive.
INFO: [Project 1-853] Binary constraint restore complete.
Reading XDEF placement.
Reading placer database...
Reading XDEF routing.
Read XDEF File: Time (s): cpu = 00:00:00 ; elapsed = 00:00:01 . Memory (MB): peak = 2032.035 ; gain = 0.000
Restored from archive | CPU: 0.000000 secs | Memory: 0.000000 MB |
Finished XDEF File Restore: Time (s): cpu = 00:00:01 ; elapsed = 00:00:01 . Memory (MB): peak = 2032.035 ; gain = 0.000
Netlist sorting complete. Time (s): cpu = 00:00:00 ; elapsed = 00:00:00.005 . Memory (MB): peak = 2032.035 ; gain = 0.000
INFO: [Project 1-111] Unisim Transformation Summary:
  A total of 1029 instances were transformed.
  IOBUF => IOBUF (IBUF, OBUFT): 5 instances
  RAM256X1S => RAM256X1S (MUXF7(x2), MUXF8, RAMS64E(x4)): 1024 instances

open_run: Time (s): cpu = 00:00:04 ; elapsed = 00:00:05 . Memory (MB): peak = 2117.676 ; gain = 90.773
launch_runs impl_1 -to_step write_bitstream -jobs 16
[Sat Nov 30 03:14:32 2024] Launched impl_1...
Run output will be captured here: E:/ad_hdmi/vivado_ad9238/vivado_ad9238.runs/impl_1/runme.log
open_hw_manager
connect_hw_server -allow_non_jtag
INFO: [Labtools 27-2285] Connecting to hw_server url TCP:localhost:3121
INFO: [Labtools 27-2222] Launching hw_server...
INFO: [Labtools 27-2221] Launch Output:

****** Xilinx hw_server v2020.1
  **** Build date : May 27 2020 at 20:24:38
    ** Copyright 1986-2020 Xilinx, Inc. All Rights Reserved.


INFO: [Labtools 27-3415] Connecting to cs_server url TCP:localhost:3042
INFO: [Labtools 27-3417] Launching cs_server...
INFO: [Labtools 27-2221] Launch Output:


****** Xilinx cs_server v2020.1.0
  **** Build date : May 14 2020-09:10:29
    ** Copyright 2017-2020 Xilinx, Inc. All Rights Reserved.



connect_hw_server: Time (s): cpu = 00:00:00 ; elapsed = 00:00:09 . Memory (MB): peak = 2483.641 ; gain = 3.484
open_hw_target
INFO: [Labtoolstcl 44-466] Opening hw_target localhost:3121/xilinx_tcf/Digilent/210512180081
open_hw_target: Time (s): cpu = 00:00:03 ; elapsed = 00:00:06 . Memory (MB): peak = 3741.156 ; gain = 1257.523
set_property PROGRAM.FILE {E:/ad_hdmi/vivado_ad9238/vivado_ad9238.runs/impl_1/top.bit} [get_hw_devices xc7z010_1]
set_property PROBES.FILE {} [get_hw_devices xc7z010_1]
set_property FULL_PROBES.FILE {} [get_hw_devices xc7z010_1]
set_property PROGRAM.FILE {E:/ad_hdmi/vivado_ad9238/vivado_ad9238.runs/impl_1/top.bit} [get_hw_devices xc7z010_1]
program_hw_devices [get_hw_devices xc7z010_1]
INFO: [Labtools 27-3164] End of startup status: HIGH
refresh_hw_device [lindex [get_hw_devices xc7z010_1] 0]
INFO: [Labtools 27-1434] Device xc7z010 (JTAG device index = 1) is programmed with a design that has no supported debug core(s) in it.
set_property PROBES.FILE {} [get_hw_devices xc7z010_1]
set_property FULL_PROBES.FILE {} [get_hw_devices xc7z010_1]
set_property PROGRAM.FILE {E:/ad_hdmi/vivado_ad9238/vivado_ad9238.runs/impl_1/top.bit} [get_hw_devices xc7z010_1]
program_hw_devices [get_hw_devices xc7z010_1]
INFO: [Labtools 27-3164] End of startup status: HIGH
refresh_hw_device [lindex [get_hw_devices xc7z010_1] 0]
INFO: [Labtools 27-1434] Device xc7z010 (JTAG device index = 1) is programmed with a design that has no supported debug core(s) in it.
update_compile_order -fileset sources_1
update_compile_order -fileset sources_1
reset_run synth_1
WARNING: [Vivado 12-1017] Problems encountered:
1. Failed to delete one or more files in run directory E:/ad_hdmi/vivado_ad9238/vivado_ad9238.runs/synth_1

launch_runs synth_1 -jobs 16
[Sat Nov 30 03:27:59 2024] Launched synth_1...
Run output will be captured here: E:/ad_hdmi/vivado_ad9238/vivado_ad9238.runs/synth_1/runme.log
close_design
open_run synth_1 -name synth_1
Design is defaulting to impl run constrset: constrs_1
Design is defaulting to synth run part: xc7z010clg400-1
INFO: [Project 1-454] Reading design checkpoint 'e:/ad_hdmi/vivado_ad9238/vivado_ad9238.srcs/sources_1/ip/adc_pll/adc_pll.dcp' for cell 'adc_pll_m0'
INFO: [Project 1-454] Reading design checkpoint 'e:/ad_hdmi/vivado_ad9238/vivado_ad9238.srcs/sources_1/ip/rgb2dvi_0/rgb2dvi_0.dcp' for cell 'rgb2dvi_m0'
INFO: [Project 1-454] Reading design checkpoint 'e:/ad_hdmi/vivado_ad9238/vivado_ad9238.srcs/sources_1/ip/video_pll/video_pll.dcp' for cell 'video_pll_m0'
INFO: [Project 1-454] Reading design checkpoint 'e:/ad_hdmi/vivado_ad9238/vivado_ad9238.srcs/sources_1/ip/dpram2048x8/dpram2048x8.dcp' for cell 'Photogate_judge_m1/buffer'
INFO: [Project 1-454] Reading design checkpoint 'e:/ad_hdmi/vivado_ad9238/vivado_ad9238.srcs/sources_1/ip/clk_wiz_1/clk_wiz_1.dcp' for cell 'wave_inst/wave_clk/clk_generator_sin'
INFO: [Project 1-454] Reading design checkpoint 'e:/ad_hdmi/vivado_ad9238/vivado_ad9238.srcs/sources_1/ip/rom_tri/rom_tri.dcp' for cell 'wave_inst/wave_comparator/rom_ip1'
INFO: [Project 1-454] Reading design checkpoint 'e:/ad_hdmi/vivado_ad9238/vivado_ad9238.srcs/sources_1/ip/rom_sin/rom_sin.dcp' for cell 'wave_inst/wave_comparator/rom_ip2'
Netlist sorting complete. Time (s): cpu = 00:00:00 ; elapsed = 00:00:00.107 . Memory (MB): peak = 3799.656 ; gain = 0.000
INFO: [Netlist 29-17] Analyzing 2398 Unisim elements for replacement
INFO: [Netlist 29-28] Unisim Transformation completed in 0 CPU seconds
INFO: [Project 1-479] Netlist was created with Vivado 2020.1
INFO: [Project 1-570] Preparing netlist for logic optimization
WARNING: [Opt 31-35] Removing redundant IBUF, video_pll_m0/inst/clkin1_ibufg, from the path connected to top-level port: sys_clk 
Resolution: The tool has removed redundant IBUF. To resolve this warning, check for redundant IBUF in the input design.
WARNING: [Constraints 18-550] Could not create 'IBUF_LOW_PWR' constraint because net 'video_pll_m0/clk_in1' is not directly connected to top level port. Synthesis is ignored for IBUF_LOW_PWR but preserved for implementation.
Parsing XDC File [e:/ad_hdmi/vivado_ad9238/vivado_ad9238.srcs/sources_1/ip/rgb2dvi_0/src/rgb2dvi.xdc] for cell 'rgb2dvi_m0/U0'
Finished Parsing XDC File [e:/ad_hdmi/vivado_ad9238/vivado_ad9238.srcs/sources_1/ip/rgb2dvi_0/src/rgb2dvi.xdc] for cell 'rgb2dvi_m0/U0'
Parsing XDC File [e:/ad_hdmi/vivado_ad9238/vivado_ad9238.srcs/sources_1/ip/video_pll/video_pll_board.xdc] for cell 'video_pll_m0/inst'
Finished Parsing XDC File [e:/ad_hdmi/vivado_ad9238/vivado_ad9238.srcs/sources_1/ip/video_pll/video_pll_board.xdc] for cell 'video_pll_m0/inst'
Parsing XDC File [e:/ad_hdmi/vivado_ad9238/vivado_ad9238.srcs/sources_1/ip/video_pll/video_pll.xdc] for cell 'video_pll_m0/inst'
INFO: [Timing 38-35] Done setting XDC timing constraints. [e:/ad_hdmi/vivado_ad9238/vivado_ad9238.srcs/sources_1/ip/video_pll/video_pll.xdc:57]
INFO: [Timing 38-2] Deriving generated clocks [e:/ad_hdmi/vivado_ad9238/vivado_ad9238.srcs/sources_1/ip/video_pll/video_pll.xdc:57]
Finished Parsing XDC File [e:/ad_hdmi/vivado_ad9238/vivado_ad9238.srcs/sources_1/ip/video_pll/video_pll.xdc] for cell 'video_pll_m0/inst'
Parsing XDC File [e:/ad_hdmi/vivado_ad9238/vivado_ad9238.srcs/sources_1/ip/clk_wiz_1/clk_wiz_1_board.xdc] for cell 'wave_inst/wave_clk/clk_generator_sin/inst'
Finished Parsing XDC File [e:/ad_hdmi/vivado_ad9238/vivado_ad9238.srcs/sources_1/ip/clk_wiz_1/clk_wiz_1_board.xdc] for cell 'wave_inst/wave_clk/clk_generator_sin/inst'
Parsing XDC File [e:/ad_hdmi/vivado_ad9238/vivado_ad9238.srcs/sources_1/ip/clk_wiz_1/clk_wiz_1.xdc] for cell 'wave_inst/wave_clk/clk_generator_sin/inst'
Finished Parsing XDC File [e:/ad_hdmi/vivado_ad9238/vivado_ad9238.srcs/sources_1/ip/clk_wiz_1/clk_wiz_1.xdc] for cell 'wave_inst/wave_clk/clk_generator_sin/inst'
Parsing XDC File [e:/ad_hdmi/vivado_ad9238/vivado_ad9238.srcs/sources_1/ip/adc_pll/adc_pll_board.xdc] for cell 'adc_pll_m0/inst'
Finished Parsing XDC File [e:/ad_hdmi/vivado_ad9238/vivado_ad9238.srcs/sources_1/ip/adc_pll/adc_pll_board.xdc] for cell 'adc_pll_m0/inst'
Parsing XDC File [e:/ad_hdmi/vivado_ad9238/vivado_ad9238.srcs/sources_1/ip/adc_pll/adc_pll.xdc] for cell 'adc_pll_m0/inst'
Finished Parsing XDC File [e:/ad_hdmi/vivado_ad9238/vivado_ad9238.srcs/sources_1/ip/adc_pll/adc_pll.xdc] for cell 'adc_pll_m0/inst'
Parsing XDC File [E:/ad_hdmi/vivado_ad9238/vivado_ad9238.srcs/constrs_1/new/ad9238_hdmi.xdc]
Finished Parsing XDC File [E:/ad_hdmi/vivado_ad9238/vivado_ad9238.srcs/constrs_1/new/ad9238_hdmi.xdc]
Parsing XDC File [e:/ad_hdmi/vivado_ad9238/vivado_ad9238.srcs/sources_1/ip/rgb2dvi_0/src/rgb2dvi_clocks.xdc] for cell 'rgb2dvi_m0/U0'
Finished Parsing XDC File [e:/ad_hdmi/vivado_ad9238/vivado_ad9238.srcs/sources_1/ip/rgb2dvi_0/src/rgb2dvi_clocks.xdc] for cell 'rgb2dvi_m0/U0'
Parsing XDC File [e:/ad_hdmi/vivado_ad9238/vivado_ad9238.srcs/sources_1/ip/adc_pll/adc_pll_late.xdc] for cell 'adc_pll_m0/inst'
Finished Parsing XDC File [e:/ad_hdmi/vivado_ad9238/vivado_ad9238.srcs/sources_1/ip/adc_pll/adc_pll_late.xdc] for cell 'adc_pll_m0/inst'
INFO: [Opt 31-138] Pushed 0 inverter(s) to 0 load pin(s).
Netlist sorting complete. Time (s): cpu = 00:00:00 ; elapsed = 00:00:00.005 . Memory (MB): peak = 3799.656 ; gain = 0.000
INFO: [Project 1-111] Unisim Transformation Summary:
  A total of 1037 instances were transformed.
  IOBUF => IOBUF (IBUF, OBUFT): 13 instances
  RAM256X1S => RAM256X1S (MUXF7(x2), MUXF8, RAMS64E(x4)): 1024 instances

place_ports {gpio[5]} W19
place_ports {gpio[6]} W18
place_ports {gpio[7]} R14
place_ports {gpio[8]} P14
place_ports {gpio[9]} Y17
set_property package_pin "" [get_ports [list  {gpio[10]}]]
place_ports {gpio[10]} Y16
place_ports {gpio[11]} W15
place_ports {gpio[12]} V15
set_property IOSTANDARD LVCMOS33 [get_ports [list {gpio[12]} {gpio[11]} {gpio[10]} {gpio[9]} {gpio[8]} {gpio[7]} {gpio[6]} {gpio[5]} {gpio[4]} {gpio[3]} {gpio[2]} {gpio[1]} {gpio[0]}]]
save_constraints
launch_runs impl_1 -jobs 16
INFO: [Timing 38-480] Writing timing data to binary archive.
Writing placer database...
Writing XDEF routing.
Writing XDEF routing logical nets.
Writing XDEF routing special nets.
Write XDEF Complete: Time (s): cpu = 00:00:00 ; elapsed = 00:00:00.074 . Memory (MB): peak = 3799.656 ; gain = 0.000
[Sat Nov 30 03:31:54 2024] Launched impl_1...
Run output will be captured here: E:/ad_hdmi/vivado_ad9238/vivado_ad9238.runs/impl_1/runme.log
set_property IOSTANDARD LVCMOS33 [get_ports [list {gpio[12]} {gpio[11]} {gpio[10]} {gpio[9]} {gpio[8]} {gpio[7]} {gpio[6]} {gpio[5]} {gpio[4]} {gpio[3]} {gpio[2]} {gpio[1]} {gpio[0]}]]
save_constraints
reset_run impl_1
launch_runs impl_1 -to_step write_bitstream -jobs 16
INFO: [Timing 38-480] Writing timing data to binary archive.
Writing placer database...
Writing XDEF routing.
Writing XDEF routing logical nets.
Writing XDEF routing special nets.
Write XDEF Complete: Time (s): cpu = 00:00:00 ; elapsed = 00:00:00.065 . Memory (MB): peak = 3799.656 ; gain = 0.000
[Sat Nov 30 03:34:02 2024] Launched impl_1...
Run output will be captured here: E:/ad_hdmi/vivado_ad9238/vivado_ad9238.runs/impl_1/runme.log
set_property PROBES.FILE {} [get_hw_devices xc7z010_1]
set_property FULL_PROBES.FILE {} [get_hw_devices xc7z010_1]
set_property PROGRAM.FILE {E:/ad_hdmi/vivado_ad9238/vivado_ad9238.runs/impl_1/top.bit} [get_hw_devices xc7z010_1]
program_hw_devices [get_hw_devices xc7z010_1]
INFO: [Labtools 27-3164] End of startup status: HIGH
refresh_hw_device [lindex [get_hw_devices xc7z010_1] 0]
INFO: [Labtools 27-1434] Device xc7z010 (JTAG device index = 1) is programmed with a design that has no supported debug core(s) in it.
set_property PROBES.FILE {} [get_hw_devices xc7z010_1]
set_property FULL_PROBES.FILE {} [get_hw_devices xc7z010_1]
set_property PROGRAM.FILE {E:/ad_hdmi/vivado_ad9238/vivado_ad9238.runs/impl_1/top.bit} [get_hw_devices xc7z010_1]
program_hw_devices [get_hw_devices xc7z010_1]
INFO: [Labtools 27-3164] End of startup status: HIGH
refresh_hw_device [lindex [get_hw_devices xc7z010_1] 0]
INFO: [Labtools 27-1434] Device xc7z010 (JTAG device index = 1) is programmed with a design that has no supported debug core(s) in it.
ERROR: [Labtoolstcl 44-513] HW Target shutdown. Closing target: localhost:3121/xilinx_tcf/Digilent/210512180081
INFO: [Labtoolstcl 44-466] Opening hw_target localhost:3121/xilinx_tcf/Digilent/210512180081
WARNING: [Labtoolstcl 44-129] No matching hw_ila_data was found.
INFO: [Labtools 27-1434] Device xc7z010 (JTAG device index = 1) is programmed with a design that has no supported debug core(s) in it.
WARNING: [Labtoolstcl 44-129] No matching hw_ila_data was found.
set_property PROBES.FILE {} [get_hw_devices xc7z010_1]
set_property FULL_PROBES.FILE {} [get_hw_devices xc7z010_1]
set_property PROGRAM.FILE {E:/ad_hdmi/vivado_ad9238/vivado_ad9238.runs/impl_1/top.bit} [get_hw_devices xc7z010_1]
program_hw_devices [get_hw_devices xc7z010_1]
INFO: [Labtools 27-3164] End of startup status: HIGH
refresh_hw_device [lindex [get_hw_devices xc7z010_1] 0]
INFO: [Labtools 27-1434] Device xc7z010 (JTAG device index = 1) is programmed with a design that has no supported debug core(s) in it.
ERROR: [Labtoolstcl 44-513] HW Target shutdown. Closing target: localhost:3121/xilinx_tcf/Digilent/210512180081
INFO: [Labtoolstcl 44-466] Opening hw_target localhost:3121/xilinx_tcf/Digilent/210512180081
WARNING: [Labtoolstcl 44-129] No matching hw_ila_data was found.
INFO: [Labtools 27-1434] Device xc7z010 (JTAG device index = 1) is programmed with a design that has no supported debug core(s) in it.
WARNING: [Labtoolstcl 44-129] No matching hw_ila_data was found.
set_property PROBES.FILE {} [get_hw_devices xc7z010_1]
set_property FULL_PROBES.FILE {} [get_hw_devices xc7z010_1]
set_property PROGRAM.FILE {E:/ad_hdmi/vivado_ad9238/vivado_ad9238.runs/impl_1/top.bit} [get_hw_devices xc7z010_1]
program_hw_devices [get_hw_devices xc7z010_1]
INFO: [Labtools 27-3164] End of startup status: HIGH
refresh_hw_device [lindex [get_hw_devices xc7z010_1] 0]
INFO: [Labtools 27-1434] Device xc7z010 (JTAG device index = 1) is programmed with a design that has no supported debug core(s) in it.
ERROR: [Labtoolstcl 44-513] HW Target shutdown. Closing target: localhost:3121/xilinx_tcf/Digilent/210512180081
INFO: [Labtoolstcl 44-466] Opening hw_target localhost:3121/xilinx_tcf/Digilent/210512180081
WARNING: [Labtoolstcl 44-129] No matching hw_ila_data was found.
INFO: [Labtools 27-1434] Device xc7z010 (JTAG device index = 1) is programmed with a design that has no supported debug core(s) in it.
WARNING: [Labtoolstcl 44-129] No matching hw_ila_data was found.
set_property PROBES.FILE {} [get_hw_devices xc7z010_1]
set_property FULL_PROBES.FILE {} [get_hw_devices xc7z010_1]
set_property PROGRAM.FILE {E:/ad_hdmi/vivado_ad9238/vivado_ad9238.runs/impl_1/top.bit} [get_hw_devices xc7z010_1]
program_hw_devices [get_hw_devices xc7z010_1]
INFO: [Labtools 27-3164] End of startup status: HIGH
refresh_hw_device [lindex [get_hw_devices xc7z010_1] 0]
INFO: [Labtools 27-1434] Device xc7z010 (JTAG device index = 1) is programmed with a design that has no supported debug core(s) in it.
WARNING: [IP_Flow 19-4067] Ignoring invalid widget type specified checkbox.Providing a default widget
create_ip -name ila -vendor xilinx.com -library ip -version 6.2 -module_name ila_1 -dir e:/ad_hdmi/vivado_ad9238/vivado_ad9238.srcs/sources_1/ip
set_property -dict [list CONFIG.C_PROBE0_WIDTH {8}] [get_ips ila_1]
generate_target {instantiation_template} [get_files e:/ad_hdmi/vivado_ad9238/vivado_ad9238.srcs/sources_1/ip/ila_1/ila_1.xci]
INFO: [IP_Flow 19-1686] Generating 'Instantiation Template' target for IP 'ila_1'...
generate_target all [get_files  e:/ad_hdmi/vivado_ad9238/vivado_ad9238.srcs/sources_1/ip/ila_1/ila_1.xci]
INFO: [IP_Flow 19-1686] Generating 'Synthesis' target for IP 'ila_1'...
WARNING: [IP_Flow 19-4994] Overwriting existing constraint file 'e:/ad_hdmi/vivado_ad9238/vivado_ad9238.srcs/sources_1/ip/ila_1/ila_1_ooc.xdc'
INFO: [IP_Flow 19-1686] Generating 'Simulation' target for IP 'ila_1'...
INFO: [IP_Flow 19-1686] Generating 'Implementation' target for IP 'ila_1'...
INFO: [IP_Flow 19-1686] Generating 'Change Log' target for IP 'ila_1'...
catch { config_ip_cache -export [get_ips -all ila_1] }
export_ip_user_files -of_objects [get_files e:/ad_hdmi/vivado_ad9238/vivado_ad9238.srcs/sources_1/ip/ila_1/ila_1.xci] -no_script -sync -force -quiet
create_ip_run [get_files -of_objects [get_fileset sources_1] e:/ad_hdmi/vivado_ad9238/vivado_ad9238.srcs/sources_1/ip/ila_1/ila_1.xci]
launch_runs ila_1_synth_1 -jobs 16
[Sat Nov 30 04:18:37 2024] Launched ila_1_synth_1...
Run output will be captured here: E:/ad_hdmi/vivado_ad9238/vivado_ad9238.runs/ila_1_synth_1/runme.log
export_simulation -of_objects [get_files e:/ad_hdmi/vivado_ad9238/vivado_ad9238.srcs/sources_1/ip/ila_1/ila_1.xci] -directory E:/ad_hdmi/vivado_ad9238/vivado_ad9238.ip_user_files/sim_scripts -ip_user_files_dir E:/ad_hdmi/vivado_ad9238/vivado_ad9238.ip_user_files -ipstatic_source_dir E:/ad_hdmi/vivado_ad9238/vivado_ad9238.ip_user_files/ipstatic -lib_map_path [list {modelsim=E:/ad_hdmi/vivado_ad9238/vivado_ad9238.cache/compile_simlib/modelsim} {questa=E:/ad_hdmi/vivado_ad9238/vivado_ad9238.cache/compile_simlib/questa} {riviera=E:/ad_hdmi/vivado_ad9238/vivado_ad9238.cache/compile_simlib/riviera} {activehdl=E:/ad_hdmi/vivado_ad9238/vivado_ad9238.cache/compile_simlib/activehdl}] -use_ip_compiled_libs -force -quiet
reset_run synth_1
WARNING: [Vivado 12-1017] Problems encountered:
1. Failed to delete one or more files in run directory E:/ad_hdmi/vivado_ad9238/vivado_ad9238.runs/synth_1

launch_runs synth_1 -jobs 16
[Sat Nov 30 04:21:05 2024] Launched synth_1...
Run output will be captured here: E:/ad_hdmi/vivado_ad9238/vivado_ad9238.runs/synth_1/runme.log
close_design
open_run synth_1 -name synth_1
Design is defaulting to impl run constrset: constrs_1
Design is defaulting to synth run part: xc7z010clg400-1
INFO: [Project 1-454] Reading design checkpoint 'e:/ad_hdmi/vivado_ad9238/vivado_ad9238.srcs/sources_1/ip/adc_pll/adc_pll.dcp' for cell 'adc_pll_m0'
INFO: [Project 1-454] Reading design checkpoint 'e:/ad_hdmi/vivado_ad9238/vivado_ad9238.srcs/sources_1/ip/ila_0_1/ila_0.dcp' for cell 'ila_0_inst'
INFO: [Project 1-454] Reading design checkpoint 'e:/ad_hdmi/vivado_ad9238/vivado_ad9238.srcs/sources_1/ip/rgb2dvi_0/rgb2dvi_0.dcp' for cell 'rgb2dvi_m0'
INFO: [Project 1-454] Reading design checkpoint 'e:/ad_hdmi/vivado_ad9238/vivado_ad9238.srcs/sources_1/ip/video_pll/video_pll.dcp' for cell 'video_pll_m0'
INFO: [Project 1-454] Reading design checkpoint 'e:/ad_hdmi/vivado_ad9238/vivado_ad9238.srcs/sources_1/ip/dpram2048x8/dpram2048x8.dcp' for cell 'Photogate_judge_m1/buffer'
INFO: [Project 1-454] Reading design checkpoint 'e:/ad_hdmi/vivado_ad9238/vivado_ad9238.srcs/sources_1/ip/clk_wiz_1/clk_wiz_1.dcp' for cell 'wave_inst/wave_clk/clk_generator_sin'
INFO: [Project 1-454] Reading design checkpoint 'e:/ad_hdmi/vivado_ad9238/vivado_ad9238.srcs/sources_1/ip/rom_tri/rom_tri.dcp' for cell 'wave_inst/wave_comparator/rom_ip1'
INFO: [Project 1-454] Reading design checkpoint 'e:/ad_hdmi/vivado_ad9238/vivado_ad9238.srcs/sources_1/ip/rom_sin/rom_sin.dcp' for cell 'wave_inst/wave_comparator/rom_ip2'
Netlist sorting complete. Time (s): cpu = 00:00:00 ; elapsed = 00:00:00.155 . Memory (MB): peak = 3799.656 ; gain = 0.000
INFO: [Netlist 29-17] Analyzing 2451 Unisim elements for replacement
INFO: [Netlist 29-28] Unisim Transformation completed in 0 CPU seconds
INFO: [Project 1-479] Netlist was created with Vivado 2020.1
INFO: [Project 1-570] Preparing netlist for logic optimization
WARNING: [Opt 31-35] Removing redundant IBUF, video_pll_m0/inst/clkin1_ibufg, from the path connected to top-level port: sys_clk 
Resolution: The tool has removed redundant IBUF. To resolve this warning, check for redundant IBUF in the input design.
WARNING: [Constraints 18-550] Could not create 'IBUF_LOW_PWR' constraint because net 'video_pll_m0/clk_in1' is not directly connected to top level port. Synthesis is ignored for IBUF_LOW_PWR but preserved for implementation.
INFO: [Chipscope 16-324] Core: ila_0_inst UUID: d8923df3-e0ca-58ef-8f94-7de50e816f31 
Parsing XDC File [e:/ad_hdmi/vivado_ad9238/vivado_ad9238.srcs/sources_1/ip/rgb2dvi_0/src/rgb2dvi.xdc] for cell 'rgb2dvi_m0/U0'
Finished Parsing XDC File [e:/ad_hdmi/vivado_ad9238/vivado_ad9238.srcs/sources_1/ip/rgb2dvi_0/src/rgb2dvi.xdc] for cell 'rgb2dvi_m0/U0'
Parsing XDC File [e:/ad_hdmi/vivado_ad9238/vivado_ad9238.srcs/sources_1/ip/video_pll/video_pll_board.xdc] for cell 'video_pll_m0/inst'
Finished Parsing XDC File [e:/ad_hdmi/vivado_ad9238/vivado_ad9238.srcs/sources_1/ip/video_pll/video_pll_board.xdc] for cell 'video_pll_m0/inst'
Parsing XDC File [e:/ad_hdmi/vivado_ad9238/vivado_ad9238.srcs/sources_1/ip/video_pll/video_pll.xdc] for cell 'video_pll_m0/inst'
INFO: [Timing 38-35] Done setting XDC timing constraints. [e:/ad_hdmi/vivado_ad9238/vivado_ad9238.srcs/sources_1/ip/video_pll/video_pll.xdc:57]
INFO: [Timing 38-2] Deriving generated clocks [e:/ad_hdmi/vivado_ad9238/vivado_ad9238.srcs/sources_1/ip/video_pll/video_pll.xdc:57]
Finished Parsing XDC File [e:/ad_hdmi/vivado_ad9238/vivado_ad9238.srcs/sources_1/ip/video_pll/video_pll.xdc] for cell 'video_pll_m0/inst'
Parsing XDC File [e:/ad_hdmi/vivado_ad9238/vivado_ad9238.srcs/sources_1/ip/clk_wiz_1/clk_wiz_1_board.xdc] for cell 'wave_inst/wave_clk/clk_generator_sin/inst'
Finished Parsing XDC File [e:/ad_hdmi/vivado_ad9238/vivado_ad9238.srcs/sources_1/ip/clk_wiz_1/clk_wiz_1_board.xdc] for cell 'wave_inst/wave_clk/clk_generator_sin/inst'
Parsing XDC File [e:/ad_hdmi/vivado_ad9238/vivado_ad9238.srcs/sources_1/ip/clk_wiz_1/clk_wiz_1.xdc] for cell 'wave_inst/wave_clk/clk_generator_sin/inst'
Finished Parsing XDC File [e:/ad_hdmi/vivado_ad9238/vivado_ad9238.srcs/sources_1/ip/clk_wiz_1/clk_wiz_1.xdc] for cell 'wave_inst/wave_clk/clk_generator_sin/inst'
Parsing XDC File [e:/ad_hdmi/vivado_ad9238/vivado_ad9238.srcs/sources_1/ip/adc_pll/adc_pll_board.xdc] for cell 'adc_pll_m0/inst'
Finished Parsing XDC File [e:/ad_hdmi/vivado_ad9238/vivado_ad9238.srcs/sources_1/ip/adc_pll/adc_pll_board.xdc] for cell 'adc_pll_m0/inst'
Parsing XDC File [e:/ad_hdmi/vivado_ad9238/vivado_ad9238.srcs/sources_1/ip/adc_pll/adc_pll.xdc] for cell 'adc_pll_m0/inst'
Finished Parsing XDC File [e:/ad_hdmi/vivado_ad9238/vivado_ad9238.srcs/sources_1/ip/adc_pll/adc_pll.xdc] for cell 'adc_pll_m0/inst'
Parsing XDC File [e:/ad_hdmi/vivado_ad9238/vivado_ad9238.srcs/sources_1/ip/ila_0_1/ila_v6_2/constraints/ila_impl.xdc] for cell 'ila_0_inst/inst'
Finished Parsing XDC File [e:/ad_hdmi/vivado_ad9238/vivado_ad9238.srcs/sources_1/ip/ila_0_1/ila_v6_2/constraints/ila_impl.xdc] for cell 'ila_0_inst/inst'
Parsing XDC File [e:/ad_hdmi/vivado_ad9238/vivado_ad9238.srcs/sources_1/ip/ila_0_1/ila_v6_2/constraints/ila.xdc] for cell 'ila_0_inst/inst'
Finished Parsing XDC File [e:/ad_hdmi/vivado_ad9238/vivado_ad9238.srcs/sources_1/ip/ila_0_1/ila_v6_2/constraints/ila.xdc] for cell 'ila_0_inst/inst'
Parsing XDC File [E:/ad_hdmi/vivado_ad9238/vivado_ad9238.srcs/constrs_1/new/ad9238_hdmi.xdc]
Finished Parsing XDC File [E:/ad_hdmi/vivado_ad9238/vivado_ad9238.srcs/constrs_1/new/ad9238_hdmi.xdc]
Parsing XDC File [e:/ad_hdmi/vivado_ad9238/vivado_ad9238.srcs/sources_1/ip/rgb2dvi_0/src/rgb2dvi_clocks.xdc] for cell 'rgb2dvi_m0/U0'
Finished Parsing XDC File [e:/ad_hdmi/vivado_ad9238/vivado_ad9238.srcs/sources_1/ip/rgb2dvi_0/src/rgb2dvi_clocks.xdc] for cell 'rgb2dvi_m0/U0'
Parsing XDC File [e:/ad_hdmi/vivado_ad9238/vivado_ad9238.srcs/sources_1/ip/adc_pll/adc_pll_late.xdc] for cell 'adc_pll_m0/inst'
Finished Parsing XDC File [e:/ad_hdmi/vivado_ad9238/vivado_ad9238.srcs/sources_1/ip/adc_pll/adc_pll_late.xdc] for cell 'adc_pll_m0/inst'
INFO: [Opt 31-138] Pushed 0 inverter(s) to 0 load pin(s).
Netlist sorting complete. Time (s): cpu = 00:00:01 ; elapsed = 00:00:00.010 . Memory (MB): peak = 3799.656 ; gain = 0.000
INFO: [Project 1-111] Unisim Transformation Summary:
  A total of 1073 instances were transformed.
  CFGLUT5 => CFGLUT5 (SRL16E, SRLC32E): 36 instances
  IOBUF => IOBUF (IBUF, OBUFT): 13 instances
  RAM256X1S => RAM256X1S (MUXF7(x2), MUXF8, RAMS64E(x4)): 1024 instances

open_run: Time (s): cpu = 00:00:04 ; elapsed = 00:00:09 . Memory (MB): peak = 3799.656 ; gain = 0.000
launch_runs impl_1 -jobs 16
INFO: [Timing 38-480] Writing timing data to binary archive.
Writing placer database...
Writing XDEF routing.
Writing XDEF routing logical nets.
Writing XDEF routing special nets.
Write XDEF Complete: Time (s): cpu = 00:00:01 ; elapsed = 00:00:00.118 . Memory (MB): peak = 4242.996 ; gain = 25.551
[Sat Nov 30 04:23:28 2024] Launched impl_1...
Run output will be captured here: E:/ad_hdmi/vivado_ad9238/vivado_ad9238.runs/impl_1/runme.log
launch_runs impl_1 -to_step write_bitstream -jobs 16
[Sat Nov 30 04:26:53 2024] Launched impl_1...
Run output will be captured here: E:/ad_hdmi/vivado_ad9238/vivado_ad9238.runs/impl_1/runme.log
set_property PROBES.FILE {E:/ad_hdmi/vivado_ad9238/vivado_ad9238.runs/impl_1/top.ltx} [get_hw_devices xc7z010_1]
set_property FULL_PROBES.FILE {E:/ad_hdmi/vivado_ad9238/vivado_ad9238.runs/impl_1/top.ltx} [get_hw_devices xc7z010_1]
set_property PROGRAM.FILE {E:/ad_hdmi/vivado_ad9238/vivado_ad9238.runs/impl_1/top.bit} [get_hw_devices xc7z010_1]
program_hw_devices [get_hw_devices xc7z010_1]
INFO: [Labtools 27-3164] End of startup status: HIGH
refresh_hw_device [lindex [get_hw_devices xc7z010_1] 0]
INFO: [Labtools 27-2302] Device xc7z010 (JTAG device index = 1) is programmed with a design that has 1 ILA core(s).
display_hw_ila_data [ get_hw_ila_data hw_ila_data_1 -of_objects [get_hw_ilas -of_objects [get_hw_devices xc7z010_1] -filter {CELL_NAME=~"ila_0_inst"}]]
WARNING: Simulation object ad9238_data_ch0_IBUF was not found in the design.
WARNING: Simulation object outrddat was not found in the design.
WARNING: Simulation object adc_clk was not found in the design.
WARNING: Simulation object Photogate_judge_IBUF was not found in the design.
run_hw_ila [get_hw_ilas -of_objects [get_hw_devices xc7z010_1] -filter {CELL_NAME=~"ila_0_inst"}]
INFO: [Labtools 27-1964] The ILA core 'hw_ila_1' trigger was armed at 2024-Nov-30 04:28:04
wait_on_hw_ila [get_hw_ilas -of_objects [get_hw_devices xc7z010_1] -filter {CELL_NAME=~"ila_0_inst"}]
display_hw_ila_data [upload_hw_ila_data [get_hw_ilas -of_objects [get_hw_devices xc7z010_1] -filter {CELL_NAME=~"ila_0_inst"}]]
INFO: [Labtools 27-1966] The ILA core 'hw_ila_1' triggered at 2024-Nov-30 04:28:04
INFO: [Labtools 27-3304] ILA Waveform data saved to file E:/ad_hdmi/vivado_ad9238/vivado_ad9238.hw/backup/hw_ila_data_1.ila. Use Tcl command 'read_hw_ila_data' or Vivado File->Import->Import ILA Data menu item to import the previously saved data.
run_hw_ila [get_hw_ilas -of_objects [get_hw_devices xc7z010_1] -filter {CELL_NAME=~"ila_0_inst"}]
INFO: [Labtools 27-1964] The ILA core 'hw_ila_1' trigger was armed at 2024-Nov-30 04:28:07
wait_on_hw_ila [get_hw_ilas -of_objects [get_hw_devices xc7z010_1] -filter {CELL_NAME=~"ila_0_inst"}]
display_hw_ila_data [upload_hw_ila_data [get_hw_ilas -of_objects [get_hw_devices xc7z010_1] -filter {CELL_NAME=~"ila_0_inst"}]]
INFO: [Labtools 27-1966] The ILA core 'hw_ila_1' triggered at 2024-Nov-30 04:28:07
INFO: [Labtools 27-3304] ILA Waveform data saved to file E:/ad_hdmi/vivado_ad9238/vivado_ad9238.hw/backup/hw_ila_data_1.ila. Use Tcl command 'read_hw_ila_data' or Vivado File->Import->Import ILA Data menu item to import the previously saved data.
run_hw_ila [get_hw_ilas -of_objects [get_hw_devices xc7z010_1] -filter {CELL_NAME=~"ila_0_inst"}]
INFO: [Labtools 27-1964] The ILA core 'hw_ila_1' trigger was armed at 2024-Nov-30 04:28:11
wait_on_hw_ila [get_hw_ilas -of_objects [get_hw_devices xc7z010_1] -filter {CELL_NAME=~"ila_0_inst"}]
display_hw_ila_data [upload_hw_ila_data [get_hw_ilas -of_objects [get_hw_devices xc7z010_1] -filter {CELL_NAME=~"ila_0_inst"}]]
INFO: [Labtools 27-1966] The ILA core 'hw_ila_1' triggered at 2024-Nov-30 04:28:11
INFO: [Labtools 27-3304] ILA Waveform data saved to file E:/ad_hdmi/vivado_ad9238/vivado_ad9238.hw/backup/hw_ila_data_1.ila. Use Tcl command 'read_hw_ila_data' or Vivado File->Import->Import ILA Data menu item to import the previously saved data.
run_hw_ila [get_hw_ilas -of_objects [get_hw_devices xc7z010_1] -filter {CELL_NAME=~"ila_0_inst"}]
INFO: [Labtools 27-1964] The ILA core 'hw_ila_1' trigger was armed at 2024-Nov-30 04:28:15
wait_on_hw_ila [get_hw_ilas -of_objects [get_hw_devices xc7z010_1] -filter {CELL_NAME=~"ila_0_inst"}]
display_hw_ila_data [upload_hw_ila_data [get_hw_ilas -of_objects [get_hw_devices xc7z010_1] -filter {CELL_NAME=~"ila_0_inst"}]]
INFO: [Labtools 27-1966] The ILA core 'hw_ila_1' triggered at 2024-Nov-30 04:28:15
INFO: [Labtools 27-3304] ILA Waveform data saved to file E:/ad_hdmi/vivado_ad9238/vivado_ad9238.hw/backup/hw_ila_data_1.ila. Use Tcl command 'read_hw_ila_data' or Vivado File->Import->Import ILA Data menu item to import the previously saved data.
run_hw_ila [get_hw_ilas -of_objects [get_hw_devices xc7z010_1] -filter {CELL_NAME=~"ila_0_inst"}]
INFO: [Labtools 27-1964] The ILA core 'hw_ila_1' trigger was armed at 2024-Nov-30 04:28:18
wait_on_hw_ila [get_hw_ilas -of_objects [get_hw_devices xc7z010_1] -filter {CELL_NAME=~"ila_0_inst"}]
display_hw_ila_data [upload_hw_ila_data [get_hw_ilas -of_objects [get_hw_devices xc7z010_1] -filter {CELL_NAME=~"ila_0_inst"}]]
INFO: [Labtools 27-1966] The ILA core 'hw_ila_1' triggered at 2024-Nov-30 04:28:18
INFO: [Labtools 27-3304] ILA Waveform data saved to file E:/ad_hdmi/vivado_ad9238/vivado_ad9238.hw/backup/hw_ila_data_1.ila. Use Tcl command 'read_hw_ila_data' or Vivado File->Import->Import ILA Data menu item to import the previously saved data.
run_hw_ila [get_hw_ilas -of_objects [get_hw_devices xc7z010_1] -filter {CELL_NAME=~"ila_0_inst"}]
INFO: [Labtools 27-1964] The ILA core 'hw_ila_1' trigger was armed at 2024-Nov-30 04:28:22
wait_on_hw_ila [get_hw_ilas -of_objects [get_hw_devices xc7z010_1] -filter {CELL_NAME=~"ila_0_inst"}]
display_hw_ila_data [upload_hw_ila_data [get_hw_ilas -of_objects [get_hw_devices xc7z010_1] -filter {CELL_NAME=~"ila_0_inst"}]]
INFO: [Labtools 27-1966] The ILA core 'hw_ila_1' triggered at 2024-Nov-30 04:28:22
INFO: [Labtools 27-3304] ILA Waveform data saved to file E:/ad_hdmi/vivado_ad9238/vivado_ad9238.hw/backup/hw_ila_data_1.ila. Use Tcl command 'read_hw_ila_data' or Vivado File->Import->Import ILA Data menu item to import the previously saved data.
set_property PROBES.FILE {E:/ad_hdmi/vivado_ad9238/vivado_ad9238.runs/impl_1/top.ltx} [get_hw_devices xc7z010_1]
set_property FULL_PROBES.FILE {E:/ad_hdmi/vivado_ad9238/vivado_ad9238.runs/impl_1/top.ltx} [get_hw_devices xc7z010_1]
set_property PROGRAM.FILE {E:/ad_hdmi/vivado_ad9238/vivado_ad9238.runs/impl_1/top.bit} [get_hw_devices xc7z010_1]
program_hw_devices [get_hw_devices xc7z010_1]
INFO: [Labtools 27-3164] End of startup status: HIGH
refresh_hw_device [lindex [get_hw_devices xc7z010_1] 0]
INFO: [Labtools 27-2302] Device xc7z010 (JTAG device index = 1) is programmed with a design that has 1 ILA core(s).
report_ip_status -name ip_status 
reset_project
launch_runs synth_1 -jobs 16
INFO: [IP_Flow 19-1686] Generating 'Synthesis' target for IP 'rgb2dvi_0'...
INFO: [IP_Flow 19-1686] Generating 'Synthesis' target for IP 'video_pll'...
INFO: [IP_Flow 19-1686] Generating 'Implementation' target for IP 'video_pll'...
INFO: [IP_Flow 19-1686] Generating 'Synthesis' target for IP 'rom_sin'...
INFO: [IP_Flow 19-1686] Generating 'Synthesis' target for IP 'clk_wiz_1'...
INFO: [IP_Flow 19-1686] Generating 'Implementation' target for IP 'clk_wiz_1'...
INFO: [IP_Flow 19-1686] Generating 'Synthesis' target for IP 'dpram2048x8'...
INFO: [IP_Flow 19-1686] Generating 'Synthesis' target for IP 'adc_pll'...
INFO: [IP_Flow 19-1686] Generating 'Implementation' target for IP 'adc_pll'...
INFO: [IP_Flow 19-1686] Generating 'Synthesis' target for IP 'rom_tri'...
INFO: [IP_Flow 19-1686] Generating 'Synthesis' target for IP 'ila_0'...
WARNING: [IP_Flow 19-4994] Overwriting existing constraint file 'e:/ad_hdmi/vivado_ad9238/vivado_ad9238.srcs/sources_1/ip/ila_0_1/ila_0_ooc.xdc'
INFO: [IP_Flow 19-1686] Generating 'Implementation' target for IP 'ila_0'...
[Sat Nov 30 04:30:19 2024] Launched rgb2dvi_0_synth_1, video_pll_synth_1, rom_sin_synth_1, clk_wiz_1_synth_1, dpram2048x8_synth_1, adc_pll_synth_1, rom_tri_synth_1, ila_0_synth_1...
Run output will be captured here:
rgb2dvi_0_synth_1: E:/ad_hdmi/vivado_ad9238/vivado_ad9238.runs/rgb2dvi_0_synth_1/runme.log
video_pll_synth_1: E:/ad_hdmi/vivado_ad9238/vivado_ad9238.runs/video_pll_synth_1/runme.log
rom_sin_synth_1: E:/ad_hdmi/vivado_ad9238/vivado_ad9238.runs/rom_sin_synth_1/runme.log
clk_wiz_1_synth_1: E:/ad_hdmi/vivado_ad9238/vivado_ad9238.runs/clk_wiz_1_synth_1/runme.log
dpram2048x8_synth_1: E:/ad_hdmi/vivado_ad9238/vivado_ad9238.runs/dpram2048x8_synth_1/runme.log
adc_pll_synth_1: E:/ad_hdmi/vivado_ad9238/vivado_ad9238.runs/adc_pll_synth_1/runme.log
rom_tri_synth_1: E:/ad_hdmi/vivado_ad9238/vivado_ad9238.runs/rom_tri_synth_1/runme.log
ila_0_synth_1: E:/ad_hdmi/vivado_ad9238/vivado_ad9238.runs/ila_0_synth_1/runme.log
[Sat Nov 30 04:30:20 2024] Launched synth_1...
Run output will be captured here: E:/ad_hdmi/vivado_ad9238/vivado_ad9238.runs/synth_1/runme.log
launch_runs: Time (s): cpu = 00:00:02 ; elapsed = 00:00:06 . Memory (MB): peak = 4275.699 ; gain = 0.000
reset_run synth_1
WARNING: [Vivado 12-1017] Problems encountered:
1. Failed to delete one or more files in run directory E:/ad_hdmi/vivado_ad9238/vivado_ad9238.runs/synth_1

reset_run rgb2dvi_0_synth_1
WARNING: [Vivado 12-1017] Problems encountered:
1. Failed to delete one or more files in run directory E:/ad_hdmi/vivado_ad9238/vivado_ad9238.runs/rgb2dvi_0_synth_1

reset_run video_pll_synth_1
WARNING: [Vivado 12-1017] Problems encountered:
1. Failed to delete one or more files in run directory E:/ad_hdmi/vivado_ad9238/vivado_ad9238.runs/video_pll_synth_1

reset_run rom_sin_synth_1
WARNING: [Vivado 12-1017] Problems encountered:
1. Failed to delete one or more files in run directory E:/ad_hdmi/vivado_ad9238/vivado_ad9238.runs/rom_sin_synth_1

reset_run clk_wiz_1_synth_1
WARNING: [Vivado 12-1017] Problems encountered:
1. Failed to delete one or more files in run directory E:/ad_hdmi/vivado_ad9238/vivado_ad9238.runs/clk_wiz_1_synth_1

reset_run dpram2048x8_synth_1
WARNING: [Vivado 12-1017] Problems encountered:
1. Failed to delete one or more files in run directory E:/ad_hdmi/vivado_ad9238/vivado_ad9238.runs/dpram2048x8_synth_1

reset_run adc_pll_synth_1
WARNING: [Vivado 12-1017] Problems encountered:
1. Failed to delete one or more files in run directory E:/ad_hdmi/vivado_ad9238/vivado_ad9238.runs/adc_pll_synth_1

reset_run rom_tri_synth_1
WARNING: [Vivado 12-1017] Problems encountered:
1. Failed to delete one or more files in run directory E:/ad_hdmi/vivado_ad9238/vivado_ad9238.runs/rom_tri_synth_1

reset_run ila_0_synth_1
WARNING: [Vivado 12-1017] Problems encountered:
1. Failed to delete one or more files in run directory E:/ad_hdmi/vivado_ad9238/vivado_ad9238.runs/ila_0_synth_1

export_ip_user_files -of_objects  [get_files E:/ad_hdmi/vivado_ad9238/vivado_ad9238.srcs/sources_1/ADS1256/ADS1256_SPI.v] -no_script -reset -force -quiet
remove_files  E:/ad_hdmi/vivado_ad9238/vivado_ad9238.srcs/sources_1/ADS1256/ADS1256_SPI.v
launch_runs synth_1 -jobs 16
[Sat Nov 30 04:33:39 2024] Launched rgb2dvi_0_synth_1, video_pll_synth_1, rom_sin_synth_1, clk_wiz_1_synth_1, dpram2048x8_synth_1, adc_pll_synth_1, rom_tri_synth_1, ila_0_synth_1...
Run output will be captured here:
rgb2dvi_0_synth_1: E:/ad_hdmi/vivado_ad9238/vivado_ad9238.runs/rgb2dvi_0_synth_1/runme.log
video_pll_synth_1: E:/ad_hdmi/vivado_ad9238/vivado_ad9238.runs/video_pll_synth_1/runme.log
rom_sin_synth_1: E:/ad_hdmi/vivado_ad9238/vivado_ad9238.runs/rom_sin_synth_1/runme.log
clk_wiz_1_synth_1: E:/ad_hdmi/vivado_ad9238/vivado_ad9238.runs/clk_wiz_1_synth_1/runme.log
dpram2048x8_synth_1: E:/ad_hdmi/vivado_ad9238/vivado_ad9238.runs/dpram2048x8_synth_1/runme.log
adc_pll_synth_1: E:/ad_hdmi/vivado_ad9238/vivado_ad9238.runs/adc_pll_synth_1/runme.log
rom_tri_synth_1: E:/ad_hdmi/vivado_ad9238/vivado_ad9238.runs/rom_tri_synth_1/runme.log
ila_0_synth_1: E:/ad_hdmi/vivado_ad9238/vivado_ad9238.runs/ila_0_synth_1/runme.log
[Sat Nov 30 04:33:40 2024] Launched synth_1...
Run output will be captured here: E:/ad_hdmi/vivado_ad9238/vivado_ad9238.runs/synth_1/runme.log
update_compile_order -fileset sources_1
reset_run synth_1
WARNING: [Vivado 12-1017] Problems encountered:
1. Failed to delete one or more files in run directory E:/ad_hdmi/vivado_ad9238/vivado_ad9238.runs/synth_1

launch_runs synth_1 -jobs 16
[Sat Nov 30 04:40:09 2024] Launched synth_1...
Run output will be captured here: E:/ad_hdmi/vivado_ad9238/vivado_ad9238.runs/synth_1/runme.log
close_design
open_run synth_1 -name synth_1
Design is defaulting to impl run constrset: constrs_1
Design is defaulting to synth run part: xc7z010clg400-1
INFO: [Project 1-454] Reading design checkpoint 'e:/ad_hdmi/vivado_ad9238/vivado_ad9238.srcs/sources_1/ip/adc_pll/adc_pll.dcp' for cell 'adc_pll_m0'
INFO: [Project 1-454] Reading design checkpoint 'e:/ad_hdmi/vivado_ad9238/vivado_ad9238.srcs/sources_1/ip/ila_0_1/ila_0.dcp' for cell 'ila_0_inst'
INFO: [Project 1-454] Reading design checkpoint 'e:/ad_hdmi/vivado_ad9238/vivado_ad9238.srcs/sources_1/ip/rgb2dvi_0/rgb2dvi_0.dcp' for cell 'rgb2dvi_m0'
INFO: [Project 1-454] Reading design checkpoint 'e:/ad_hdmi/vivado_ad9238/vivado_ad9238.srcs/sources_1/ip/video_pll/video_pll.dcp' for cell 'video_pll_m0'
INFO: [Project 1-454] Reading design checkpoint 'e:/ad_hdmi/vivado_ad9238/vivado_ad9238.srcs/sources_1/ip/dpram2048x8/dpram2048x8.dcp' for cell 'wav_display_m0/buffer'
INFO: [Project 1-454] Reading design checkpoint 'e:/ad_hdmi/vivado_ad9238/vivado_ad9238.srcs/sources_1/ip/clk_wiz_1/clk_wiz_1.dcp' for cell 'wave_inst/wave_clk/clk_generator_sin'
INFO: [Project 1-454] Reading design checkpoint 'e:/ad_hdmi/vivado_ad9238/vivado_ad9238.srcs/sources_1/ip/rom_tri/rom_tri.dcp' for cell 'wave_inst/wave_comparator/rom_ip1'
INFO: [Project 1-454] Reading design checkpoint 'e:/ad_hdmi/vivado_ad9238/vivado_ad9238.srcs/sources_1/ip/rom_sin/rom_sin.dcp' for cell 'wave_inst/wave_comparator/rom_ip2'
Netlist sorting complete. Time (s): cpu = 00:00:00 ; elapsed = 00:00:00.154 . Memory (MB): peak = 4275.699 ; gain = 0.000
INFO: [Netlist 29-17] Analyzing 2423 Unisim elements for replacement
INFO: [Netlist 29-28] Unisim Transformation completed in 0 CPU seconds
INFO: [Project 1-479] Netlist was created with Vivado 2020.1
INFO: [Project 1-570] Preparing netlist for logic optimization
WARNING: [Opt 31-35] Removing redundant IBUF, video_pll_m0/inst/clkin1_ibufg, from the path connected to top-level port: sys_clk 
Resolution: The tool has removed redundant IBUF. To resolve this warning, check for redundant IBUF in the input design.
WARNING: [Constraints 18-550] Could not create 'IBUF_LOW_PWR' constraint because net 'video_pll_m0/clk_in1' is not directly connected to top level port. Synthesis is ignored for IBUF_LOW_PWR but preserved for implementation.
INFO: [Chipscope 16-324] Core: ila_0_inst UUID: d8923df3-e0ca-58ef-8f94-7de50e816f31 
Parsing XDC File [e:/ad_hdmi/vivado_ad9238/vivado_ad9238.srcs/sources_1/ip/rgb2dvi_0/src/rgb2dvi.xdc] for cell 'rgb2dvi_m0/U0'
Finished Parsing XDC File [e:/ad_hdmi/vivado_ad9238/vivado_ad9238.srcs/sources_1/ip/rgb2dvi_0/src/rgb2dvi.xdc] for cell 'rgb2dvi_m0/U0'
Parsing XDC File [e:/ad_hdmi/vivado_ad9238/vivado_ad9238.srcs/sources_1/ip/video_pll/video_pll_board.xdc] for cell 'video_pll_m0/inst'
Finished Parsing XDC File [e:/ad_hdmi/vivado_ad9238/vivado_ad9238.srcs/sources_1/ip/video_pll/video_pll_board.xdc] for cell 'video_pll_m0/inst'
Parsing XDC File [e:/ad_hdmi/vivado_ad9238/vivado_ad9238.srcs/sources_1/ip/video_pll/video_pll.xdc] for cell 'video_pll_m0/inst'
INFO: [Timing 38-35] Done setting XDC timing constraints. [e:/ad_hdmi/vivado_ad9238/vivado_ad9238.srcs/sources_1/ip/video_pll/video_pll.xdc:57]
INFO: [Timing 38-2] Deriving generated clocks [e:/ad_hdmi/vivado_ad9238/vivado_ad9238.srcs/sources_1/ip/video_pll/video_pll.xdc:57]
Finished Parsing XDC File [e:/ad_hdmi/vivado_ad9238/vivado_ad9238.srcs/sources_1/ip/video_pll/video_pll.xdc] for cell 'video_pll_m0/inst'
Parsing XDC File [e:/ad_hdmi/vivado_ad9238/vivado_ad9238.srcs/sources_1/ip/clk_wiz_1/clk_wiz_1_board.xdc] for cell 'wave_inst/wave_clk/clk_generator_sin/inst'
Finished Parsing XDC File [e:/ad_hdmi/vivado_ad9238/vivado_ad9238.srcs/sources_1/ip/clk_wiz_1/clk_wiz_1_board.xdc] for cell 'wave_inst/wave_clk/clk_generator_sin/inst'
Parsing XDC File [e:/ad_hdmi/vivado_ad9238/vivado_ad9238.srcs/sources_1/ip/clk_wiz_1/clk_wiz_1.xdc] for cell 'wave_inst/wave_clk/clk_generator_sin/inst'
Finished Parsing XDC File [e:/ad_hdmi/vivado_ad9238/vivado_ad9238.srcs/sources_1/ip/clk_wiz_1/clk_wiz_1.xdc] for cell 'wave_inst/wave_clk/clk_generator_sin/inst'
Parsing XDC File [e:/ad_hdmi/vivado_ad9238/vivado_ad9238.srcs/sources_1/ip/adc_pll/adc_pll_board.xdc] for cell 'adc_pll_m0/inst'
Finished Parsing XDC File [e:/ad_hdmi/vivado_ad9238/vivado_ad9238.srcs/sources_1/ip/adc_pll/adc_pll_board.xdc] for cell 'adc_pll_m0/inst'
Parsing XDC File [e:/ad_hdmi/vivado_ad9238/vivado_ad9238.srcs/sources_1/ip/adc_pll/adc_pll.xdc] for cell 'adc_pll_m0/inst'
Finished Parsing XDC File [e:/ad_hdmi/vivado_ad9238/vivado_ad9238.srcs/sources_1/ip/adc_pll/adc_pll.xdc] for cell 'adc_pll_m0/inst'
Parsing XDC File [e:/ad_hdmi/vivado_ad9238/vivado_ad9238.srcs/sources_1/ip/ila_0_1/ila_v6_2/constraints/ila_impl.xdc] for cell 'ila_0_inst/inst'
Finished Parsing XDC File [e:/ad_hdmi/vivado_ad9238/vivado_ad9238.srcs/sources_1/ip/ila_0_1/ila_v6_2/constraints/ila_impl.xdc] for cell 'ila_0_inst/inst'
Parsing XDC File [e:/ad_hdmi/vivado_ad9238/vivado_ad9238.srcs/sources_1/ip/ila_0_1/ila_v6_2/constraints/ila.xdc] for cell 'ila_0_inst/inst'
Finished Parsing XDC File [e:/ad_hdmi/vivado_ad9238/vivado_ad9238.srcs/sources_1/ip/ila_0_1/ila_v6_2/constraints/ila.xdc] for cell 'ila_0_inst/inst'
Parsing XDC File [E:/ad_hdmi/vivado_ad9238/vivado_ad9238.srcs/constrs_1/new/ad9238_hdmi.xdc]
CRITICAL WARNING: [Vivado 12-206] Validation error: '5000000' not with in range of 25000000-650000000 [E:/ad_hdmi/vivado_ad9238/vivado_ad9238.srcs/constrs_1/new/ad9238_hdmi.xdc:113]
Finished Parsing XDC File [E:/ad_hdmi/vivado_ad9238/vivado_ad9238.srcs/constrs_1/new/ad9238_hdmi.xdc]
Parsing XDC File [e:/ad_hdmi/vivado_ad9238/vivado_ad9238.srcs/sources_1/ip/rgb2dvi_0/src/rgb2dvi_clocks.xdc] for cell 'rgb2dvi_m0/U0'
Finished Parsing XDC File [e:/ad_hdmi/vivado_ad9238/vivado_ad9238.srcs/sources_1/ip/rgb2dvi_0/src/rgb2dvi_clocks.xdc] for cell 'rgb2dvi_m0/U0'
Parsing XDC File [e:/ad_hdmi/vivado_ad9238/vivado_ad9238.srcs/sources_1/ip/adc_pll/adc_pll_late.xdc] for cell 'adc_pll_m0/inst'
Finished Parsing XDC File [e:/ad_hdmi/vivado_ad9238/vivado_ad9238.srcs/sources_1/ip/adc_pll/adc_pll_late.xdc] for cell 'adc_pll_m0/inst'
INFO: [Opt 31-138] Pushed 0 inverter(s) to 0 load pin(s).
Netlist sorting complete. Time (s): cpu = 00:00:00 ; elapsed = 00:00:00.007 . Memory (MB): peak = 4275.699 ; gain = 0.000
INFO: [Project 1-111] Unisim Transformation Summary:
  A total of 1073 instances were transformed.
  CFGLUT5 => CFGLUT5 (SRL16E, SRLC32E): 36 instances
  IOBUF => IOBUF (IBUF, OBUFT): 13 instances
  RAM256X1S => RAM256X1S (MUXF7(x2), MUXF8, RAMS64E(x4)): 1024 instances

open_run: Time (s): cpu = 00:00:06 ; elapsed = 00:00:09 . Memory (MB): peak = 4275.699 ; gain = 0.000
launch_runs impl_1 -jobs 16
INFO: [Timing 38-480] Writing timing data to binary archive.
Writing placer database...
Writing XDEF routing.
Writing XDEF routing logical nets.
Writing XDEF routing special nets.
Write XDEF Complete: Time (s): cpu = 00:00:00 ; elapsed = 00:00:00.146 . Memory (MB): peak = 4275.699 ; gain = 0.000
[Sat Nov 30 04:44:18 2024] Launched impl_1...
Run output will be captured here: E:/ad_hdmi/vivado_ad9238/vivado_ad9238.runs/impl_1/runme.log
reset_run synth_1
WARNING: [Vivado 12-1017] Problems encountered:
1. Failed to delete one or more files in run directory E:/ad_hdmi/vivado_ad9238/vivado_ad9238.runs/synth_1

launch_runs impl_1 -jobs 16
WARNING: [Project 1-478] Design 'synth_1' is stale and will not be used when launching 'impl_1'
[Sat Nov 30 04:47:04 2024] Launched synth_1...
Run output will be captured here: E:/ad_hdmi/vivado_ad9238/vivado_ad9238.runs/synth_1/runme.log
[Sat Nov 30 04:47:04 2024] Launched impl_1...
Run output will be captured here: E:/ad_hdmi/vivado_ad9238/vivado_ad9238.runs/impl_1/runme.log
refresh_design
INFO: [Project 1-454] Reading design checkpoint 'e:/ad_hdmi/vivado_ad9238/vivado_ad9238.srcs/sources_1/ip/adc_pll/adc_pll.dcp' for cell 'adc_pll_m0'
INFO: [Project 1-454] Reading design checkpoint 'e:/ad_hdmi/vivado_ad9238/vivado_ad9238.srcs/sources_1/ip/ila_0_1/ila_0.dcp' for cell 'ila_0_inst'
INFO: [Project 1-454] Reading design checkpoint 'e:/ad_hdmi/vivado_ad9238/vivado_ad9238.srcs/sources_1/ip/rgb2dvi_0/rgb2dvi_0.dcp' for cell 'rgb2dvi_m0'
INFO: [Project 1-454] Reading design checkpoint 'e:/ad_hdmi/vivado_ad9238/vivado_ad9238.srcs/sources_1/ip/video_pll/video_pll.dcp' for cell 'video_pll_m0'
INFO: [Project 1-454] Reading design checkpoint 'e:/ad_hdmi/vivado_ad9238/vivado_ad9238.srcs/sources_1/ip/dpram2048x8/dpram2048x8.dcp' for cell 'wav_display_m0/buffer'
INFO: [Project 1-454] Reading design checkpoint 'e:/ad_hdmi/vivado_ad9238/vivado_ad9238.srcs/sources_1/ip/clk_wiz_1/clk_wiz_1.dcp' for cell 'wave_inst/wave_clk/clk_generator_sin'
INFO: [Project 1-454] Reading design checkpoint 'e:/ad_hdmi/vivado_ad9238/vivado_ad9238.srcs/sources_1/ip/rom_tri/rom_tri.dcp' for cell 'wave_inst/wave_comparator/rom_ip1'
INFO: [Project 1-454] Reading design checkpoint 'e:/ad_hdmi/vivado_ad9238/vivado_ad9238.srcs/sources_1/ip/rom_sin/rom_sin.dcp' for cell 'wave_inst/wave_comparator/rom_ip2'
Netlist sorting complete. Time (s): cpu = 00:00:00 ; elapsed = 00:00:00.183 . Memory (MB): peak = 4275.699 ; gain = 0.000
INFO: [Netlist 29-17] Analyzing 2423 Unisim elements for replacement
INFO: [Netlist 29-28] Unisim Transformation completed in 0 CPU seconds
INFO: [Project 1-479] Netlist was created with Vivado 2020.1
INFO: [Project 1-570] Preparing netlist for logic optimization
WARNING: [Opt 31-35] Removing redundant IBUF, video_pll_m0/inst/clkin1_ibufg, from the path connected to top-level port: sys_clk 
Resolution: The tool has removed redundant IBUF. To resolve this warning, check for redundant IBUF in the input design.
WARNING: [Constraints 18-550] Could not create 'IBUF_LOW_PWR' constraint because net 'video_pll_m0/clk_in1' is not directly connected to top level port. Synthesis is ignored for IBUF_LOW_PWR but preserved for implementation.
INFO: [Chipscope 16-324] Core: ila_0_inst UUID: d8923df3-e0ca-58ef-8f94-7de50e816f31 
Parsing XDC File [e:/ad_hdmi/vivado_ad9238/vivado_ad9238.srcs/sources_1/ip/rgb2dvi_0/src/rgb2dvi.xdc] for cell 'rgb2dvi_m0/U0'
Finished Parsing XDC File [e:/ad_hdmi/vivado_ad9238/vivado_ad9238.srcs/sources_1/ip/rgb2dvi_0/src/rgb2dvi.xdc] for cell 'rgb2dvi_m0/U0'
Parsing XDC File [e:/ad_hdmi/vivado_ad9238/vivado_ad9238.srcs/sources_1/ip/video_pll/video_pll_board.xdc] for cell 'video_pll_m0/inst'
Finished Parsing XDC File [e:/ad_hdmi/vivado_ad9238/vivado_ad9238.srcs/sources_1/ip/video_pll/video_pll_board.xdc] for cell 'video_pll_m0/inst'
Parsing XDC File [e:/ad_hdmi/vivado_ad9238/vivado_ad9238.srcs/sources_1/ip/video_pll/video_pll.xdc] for cell 'video_pll_m0/inst'
INFO: [Timing 38-35] Done setting XDC timing constraints. [e:/ad_hdmi/vivado_ad9238/vivado_ad9238.srcs/sources_1/ip/video_pll/video_pll.xdc:57]
INFO: [Timing 38-2] Deriving generated clocks [e:/ad_hdmi/vivado_ad9238/vivado_ad9238.srcs/sources_1/ip/video_pll/video_pll.xdc:57]
Finished Parsing XDC File [e:/ad_hdmi/vivado_ad9238/vivado_ad9238.srcs/sources_1/ip/video_pll/video_pll.xdc] for cell 'video_pll_m0/inst'
Parsing XDC File [e:/ad_hdmi/vivado_ad9238/vivado_ad9238.srcs/sources_1/ip/clk_wiz_1/clk_wiz_1_board.xdc] for cell 'wave_inst/wave_clk/clk_generator_sin/inst'
Finished Parsing XDC File [e:/ad_hdmi/vivado_ad9238/vivado_ad9238.srcs/sources_1/ip/clk_wiz_1/clk_wiz_1_board.xdc] for cell 'wave_inst/wave_clk/clk_generator_sin/inst'
Parsing XDC File [e:/ad_hdmi/vivado_ad9238/vivado_ad9238.srcs/sources_1/ip/clk_wiz_1/clk_wiz_1.xdc] for cell 'wave_inst/wave_clk/clk_generator_sin/inst'
Finished Parsing XDC File [e:/ad_hdmi/vivado_ad9238/vivado_ad9238.srcs/sources_1/ip/clk_wiz_1/clk_wiz_1.xdc] for cell 'wave_inst/wave_clk/clk_generator_sin/inst'
Parsing XDC File [e:/ad_hdmi/vivado_ad9238/vivado_ad9238.srcs/sources_1/ip/adc_pll/adc_pll_board.xdc] for cell 'adc_pll_m0/inst'
Finished Parsing XDC File [e:/ad_hdmi/vivado_ad9238/vivado_ad9238.srcs/sources_1/ip/adc_pll/adc_pll_board.xdc] for cell 'adc_pll_m0/inst'
Parsing XDC File [e:/ad_hdmi/vivado_ad9238/vivado_ad9238.srcs/sources_1/ip/adc_pll/adc_pll.xdc] for cell 'adc_pll_m0/inst'
Finished Parsing XDC File [e:/ad_hdmi/vivado_ad9238/vivado_ad9238.srcs/sources_1/ip/adc_pll/adc_pll.xdc] for cell 'adc_pll_m0/inst'
Parsing XDC File [e:/ad_hdmi/vivado_ad9238/vivado_ad9238.srcs/sources_1/ip/ila_0_1/ila_v6_2/constraints/ila_impl.xdc] for cell 'ila_0_inst/inst'
Finished Parsing XDC File [e:/ad_hdmi/vivado_ad9238/vivado_ad9238.srcs/sources_1/ip/ila_0_1/ila_v6_2/constraints/ila_impl.xdc] for cell 'ila_0_inst/inst'
Parsing XDC File [e:/ad_hdmi/vivado_ad9238/vivado_ad9238.srcs/sources_1/ip/ila_0_1/ila_v6_2/constraints/ila.xdc] for cell 'ila_0_inst/inst'
Finished Parsing XDC File [e:/ad_hdmi/vivado_ad9238/vivado_ad9238.srcs/sources_1/ip/ila_0_1/ila_v6_2/constraints/ila.xdc] for cell 'ila_0_inst/inst'
Parsing XDC File [E:/ad_hdmi/vivado_ad9238/vivado_ad9238.srcs/constrs_1/new/ad9238_hdmi.xdc]
Finished Parsing XDC File [E:/ad_hdmi/vivado_ad9238/vivado_ad9238.srcs/constrs_1/new/ad9238_hdmi.xdc]
Parsing XDC File [e:/ad_hdmi/vivado_ad9238/vivado_ad9238.srcs/sources_1/ip/rgb2dvi_0/src/rgb2dvi_clocks.xdc] for cell 'rgb2dvi_m0/U0'
Finished Parsing XDC File [e:/ad_hdmi/vivado_ad9238/vivado_ad9238.srcs/sources_1/ip/rgb2dvi_0/src/rgb2dvi_clocks.xdc] for cell 'rgb2dvi_m0/U0'
Parsing XDC File [e:/ad_hdmi/vivado_ad9238/vivado_ad9238.srcs/sources_1/ip/adc_pll/adc_pll_late.xdc] for cell 'adc_pll_m0/inst'
Finished Parsing XDC File [e:/ad_hdmi/vivado_ad9238/vivado_ad9238.srcs/sources_1/ip/adc_pll/adc_pll_late.xdc] for cell 'adc_pll_m0/inst'
INFO: [Opt 31-138] Pushed 0 inverter(s) to 0 load pin(s).
refresh_design: Time (s): cpu = 00:00:04 ; elapsed = 00:00:11 . Memory (MB): peak = 4275.699 ; gain = 0.000
reset_run synth_1
WARNING: [Vivado 12-1017] Problems encountered:
1. Failed to delete one or more files in run directory E:/ad_hdmi/vivado_ad9238/vivado_ad9238.runs/synth_1

launch_runs synth_1 -jobs 16
[Sat Nov 30 04:53:08 2024] Launched synth_1...
Run output will be captured here: E:/ad_hdmi/vivado_ad9238/vivado_ad9238.runs/synth_1/runme.log
reset_run synth_1
WARNING: [Vivado 12-1017] Problems encountered:
1. PID not specified

launch_runs synth_1 -jobs 16
[Sat Nov 30 04:53:29 2024] Launched synth_1...
Run output will be captured here: E:/ad_hdmi/vivado_ad9238/vivado_ad9238.runs/synth_1/runme.log
close_design
open_run synth_1 -name synth_1
Design is defaulting to impl run constrset: constrs_1
Design is defaulting to synth run part: xc7z010clg400-1
INFO: [Project 1-454] Reading design checkpoint 'e:/ad_hdmi/vivado_ad9238/vivado_ad9238.srcs/sources_1/ip/adc_pll/adc_pll.dcp' for cell 'adc_pll_m0'
INFO: [Project 1-454] Reading design checkpoint 'e:/ad_hdmi/vivado_ad9238/vivado_ad9238.srcs/sources_1/ip/ila_0_1/ila_0.dcp' for cell 'ila_0_inst'
INFO: [Project 1-454] Reading design checkpoint 'e:/ad_hdmi/vivado_ad9238/vivado_ad9238.srcs/sources_1/ip/rgb2dvi_0/rgb2dvi_0.dcp' for cell 'rgb2dvi_m0'
INFO: [Project 1-454] Reading design checkpoint 'e:/ad_hdmi/vivado_ad9238/vivado_ad9238.srcs/sources_1/ip/video_pll/video_pll.dcp' for cell 'video_pll_m0'
INFO: [Project 1-454] Reading design checkpoint 'e:/ad_hdmi/vivado_ad9238/vivado_ad9238.srcs/sources_1/ip/dpram2048x8/dpram2048x8.dcp' for cell 'wav_display_m0/buffer'
INFO: [Project 1-454] Reading design checkpoint 'e:/ad_hdmi/vivado_ad9238/vivado_ad9238.srcs/sources_1/ip/clk_wiz_1/clk_wiz_1.dcp' for cell 'wave_inst/wave_clk/clk_generator_sin'
INFO: [Project 1-454] Reading design checkpoint 'e:/ad_hdmi/vivado_ad9238/vivado_ad9238.srcs/sources_1/ip/rom_tri/rom_tri.dcp' for cell 'wave_inst/wave_comparator/rom_ip1'
INFO: [Project 1-454] Reading design checkpoint 'e:/ad_hdmi/vivado_ad9238/vivado_ad9238.srcs/sources_1/ip/rom_sin/rom_sin.dcp' for cell 'wave_inst/wave_comparator/rom_ip2'
Netlist sorting complete. Time (s): cpu = 00:00:00 ; elapsed = 00:00:00.165 . Memory (MB): peak = 4382.633 ; gain = 0.000
INFO: [Netlist 29-17] Analyzing 2440 Unisim elements for replacement
INFO: [Netlist 29-28] Unisim Transformation completed in 1 CPU seconds
INFO: [Project 1-479] Netlist was created with Vivado 2020.1
INFO: [Project 1-570] Preparing netlist for logic optimization
WARNING: [Opt 31-35] Removing redundant IBUF, video_pll_m0/inst/clkin1_ibufg, from the path connected to top-level port: sys_clk 
Resolution: The tool has removed redundant IBUF. To resolve this warning, check for redundant IBUF in the input design.
WARNING: [Constraints 18-550] Could not create 'IBUF_LOW_PWR' constraint because net 'video_pll_m0/clk_in1' is not directly connected to top level port. Synthesis is ignored for IBUF_LOW_PWR but preserved for implementation.
INFO: [Chipscope 16-324] Core: ila_0_inst UUID: d8923df3-e0ca-58ef-8f94-7de50e816f31 
Parsing XDC File [e:/ad_hdmi/vivado_ad9238/vivado_ad9238.srcs/sources_1/ip/rgb2dvi_0/src/rgb2dvi.xdc] for cell 'rgb2dvi_m0/U0'
Finished Parsing XDC File [e:/ad_hdmi/vivado_ad9238/vivado_ad9238.srcs/sources_1/ip/rgb2dvi_0/src/rgb2dvi.xdc] for cell 'rgb2dvi_m0/U0'
Parsing XDC File [e:/ad_hdmi/vivado_ad9238/vivado_ad9238.srcs/sources_1/ip/video_pll/video_pll_board.xdc] for cell 'video_pll_m0/inst'
Finished Parsing XDC File [e:/ad_hdmi/vivado_ad9238/vivado_ad9238.srcs/sources_1/ip/video_pll/video_pll_board.xdc] for cell 'video_pll_m0/inst'
Parsing XDC File [e:/ad_hdmi/vivado_ad9238/vivado_ad9238.srcs/sources_1/ip/video_pll/video_pll.xdc] for cell 'video_pll_m0/inst'
INFO: [Timing 38-35] Done setting XDC timing constraints. [e:/ad_hdmi/vivado_ad9238/vivado_ad9238.srcs/sources_1/ip/video_pll/video_pll.xdc:57]
INFO: [Timing 38-2] Deriving generated clocks [e:/ad_hdmi/vivado_ad9238/vivado_ad9238.srcs/sources_1/ip/video_pll/video_pll.xdc:57]
Finished Parsing XDC File [e:/ad_hdmi/vivado_ad9238/vivado_ad9238.srcs/sources_1/ip/video_pll/video_pll.xdc] for cell 'video_pll_m0/inst'
Parsing XDC File [e:/ad_hdmi/vivado_ad9238/vivado_ad9238.srcs/sources_1/ip/clk_wiz_1/clk_wiz_1_board.xdc] for cell 'wave_inst/wave_clk/clk_generator_sin/inst'
Finished Parsing XDC File [e:/ad_hdmi/vivado_ad9238/vivado_ad9238.srcs/sources_1/ip/clk_wiz_1/clk_wiz_1_board.xdc] for cell 'wave_inst/wave_clk/clk_generator_sin/inst'
Parsing XDC File [e:/ad_hdmi/vivado_ad9238/vivado_ad9238.srcs/sources_1/ip/clk_wiz_1/clk_wiz_1.xdc] for cell 'wave_inst/wave_clk/clk_generator_sin/inst'
Finished Parsing XDC File [e:/ad_hdmi/vivado_ad9238/vivado_ad9238.srcs/sources_1/ip/clk_wiz_1/clk_wiz_1.xdc] for cell 'wave_inst/wave_clk/clk_generator_sin/inst'
Parsing XDC File [e:/ad_hdmi/vivado_ad9238/vivado_ad9238.srcs/sources_1/ip/adc_pll/adc_pll_board.xdc] for cell 'adc_pll_m0/inst'
Finished Parsing XDC File [e:/ad_hdmi/vivado_ad9238/vivado_ad9238.srcs/sources_1/ip/adc_pll/adc_pll_board.xdc] for cell 'adc_pll_m0/inst'
Parsing XDC File [e:/ad_hdmi/vivado_ad9238/vivado_ad9238.srcs/sources_1/ip/adc_pll/adc_pll.xdc] for cell 'adc_pll_m0/inst'
Finished Parsing XDC File [e:/ad_hdmi/vivado_ad9238/vivado_ad9238.srcs/sources_1/ip/adc_pll/adc_pll.xdc] for cell 'adc_pll_m0/inst'
Parsing XDC File [e:/ad_hdmi/vivado_ad9238/vivado_ad9238.srcs/sources_1/ip/ila_0_1/ila_v6_2/constraints/ila_impl.xdc] for cell 'ila_0_inst/inst'
Finished Parsing XDC File [e:/ad_hdmi/vivado_ad9238/vivado_ad9238.srcs/sources_1/ip/ila_0_1/ila_v6_2/constraints/ila_impl.xdc] for cell 'ila_0_inst/inst'
Parsing XDC File [e:/ad_hdmi/vivado_ad9238/vivado_ad9238.srcs/sources_1/ip/ila_0_1/ila_v6_2/constraints/ila.xdc] for cell 'ila_0_inst/inst'
Finished Parsing XDC File [e:/ad_hdmi/vivado_ad9238/vivado_ad9238.srcs/sources_1/ip/ila_0_1/ila_v6_2/constraints/ila.xdc] for cell 'ila_0_inst/inst'
Parsing XDC File [E:/ad_hdmi/vivado_ad9238/vivado_ad9238.srcs/constrs_1/new/ad9238_hdmi.xdc]
Finished Parsing XDC File [E:/ad_hdmi/vivado_ad9238/vivado_ad9238.srcs/constrs_1/new/ad9238_hdmi.xdc]
Parsing XDC File [e:/ad_hdmi/vivado_ad9238/vivado_ad9238.srcs/sources_1/ip/rgb2dvi_0/src/rgb2dvi_clocks.xdc] for cell 'rgb2dvi_m0/U0'
Finished Parsing XDC File [e:/ad_hdmi/vivado_ad9238/vivado_ad9238.srcs/sources_1/ip/rgb2dvi_0/src/rgb2dvi_clocks.xdc] for cell 'rgb2dvi_m0/U0'
Parsing XDC File [e:/ad_hdmi/vivado_ad9238/vivado_ad9238.srcs/sources_1/ip/adc_pll/adc_pll_late.xdc] for cell 'adc_pll_m0/inst'
Finished Parsing XDC File [e:/ad_hdmi/vivado_ad9238/vivado_ad9238.srcs/sources_1/ip/adc_pll/adc_pll_late.xdc] for cell 'adc_pll_m0/inst'
INFO: [Opt 31-138] Pushed 0 inverter(s) to 0 load pin(s).
Netlist sorting complete. Time (s): cpu = 00:00:00 ; elapsed = 00:00:00.008 . Memory (MB): peak = 4382.633 ; gain = 0.000
INFO: [Project 1-111] Unisim Transformation Summary:
  A total of 1073 instances were transformed.
  CFGLUT5 => CFGLUT5 (SRL16E, SRLC32E): 36 instances
  IOBUF => IOBUF (IBUF, OBUFT): 13 instances
  RAM256X1S => RAM256X1S (MUXF7(x2), MUXF8, RAMS64E(x4)): 1024 instances

open_run: Time (s): cpu = 00:00:05 ; elapsed = 00:00:09 . Memory (MB): peak = 4382.633 ; gain = 0.000
launch_runs impl_1 -jobs 16
INFO: [Timing 38-480] Writing timing data to binary archive.
Writing placer database...
Writing XDEF routing.
Writing XDEF routing logical nets.
Writing XDEF routing special nets.
Write XDEF Complete: Time (s): cpu = 00:00:01 ; elapsed = 00:00:00.087 . Memory (MB): peak = 4382.633 ; gain = 0.000
[Sat Nov 30 04:56:11 2024] Launched impl_1...
Run output will be captured here: E:/ad_hdmi/vivado_ad9238/vivado_ad9238.runs/impl_1/runme.log
launch_runs impl_1 -to_step write_bitstream -jobs 16
[Sat Nov 30 04:59:06 2024] Launched impl_1...
Run output will be captured here: E:/ad_hdmi/vivado_ad9238/vivado_ad9238.runs/impl_1/runme.log
set_property PROBES.FILE {E:/ad_hdmi/vivado_ad9238/vivado_ad9238.runs/impl_1/top.ltx} [get_hw_devices xc7z010_1]
set_property FULL_PROBES.FILE {E:/ad_hdmi/vivado_ad9238/vivado_ad9238.runs/impl_1/top.ltx} [get_hw_devices xc7z010_1]
set_property PROGRAM.FILE {E:/ad_hdmi/vivado_ad9238/vivado_ad9238.runs/impl_1/top.bit} [get_hw_devices xc7z010_1]
program_hw_devices [get_hw_devices xc7z010_1]
INFO: [Labtools 27-3164] End of startup status: HIGH
refresh_hw_device [lindex [get_hw_devices xc7z010_1] 0]
INFO: [Labtools 27-2302] Device xc7z010 (JTAG device index = 1) is programmed with a design that has 1 ILA core(s).
run_hw_ila [get_hw_ilas -of_objects [get_hw_devices xc7z010_1] -filter {CELL_NAME=~"ila_0_inst"}]
INFO: [Labtools 27-1964] The ILA core 'hw_ila_1' trigger was armed at 2024-Nov-30 05:02:13
wait_on_hw_ila [get_hw_ilas -of_objects [get_hw_devices xc7z010_1] -filter {CELL_NAME=~"ila_0_inst"}]
display_hw_ila_data [upload_hw_ila_data [get_hw_ilas -of_objects [get_hw_devices xc7z010_1] -filter {CELL_NAME=~"ila_0_inst"}]]
INFO: [Labtools 27-1966] The ILA core 'hw_ila_1' triggered at 2024-Nov-30 05:02:13
INFO: [Labtools 27-3304] ILA Waveform data saved to file E:/ad_hdmi/vivado_ad9238/vivado_ad9238.hw/backup/hw_ila_data_1.ila. Use Tcl command 'read_hw_ila_data' or Vivado File->Import->Import ILA Data menu item to import the previously saved data.
run_hw_ila [get_hw_ilas -of_objects [get_hw_devices xc7z010_1] -filter {CELL_NAME=~"ila_0_inst"}]
INFO: [Labtools 27-1964] The ILA core 'hw_ila_1' trigger was armed at 2024-Nov-30 05:02:16
wait_on_hw_ila [get_hw_ilas -of_objects [get_hw_devices xc7z010_1] -filter {CELL_NAME=~"ila_0_inst"}]
display_hw_ila_data [upload_hw_ila_data [get_hw_ilas -of_objects [get_hw_devices xc7z010_1] -filter {CELL_NAME=~"ila_0_inst"}]]
INFO: [Labtools 27-1966] The ILA core 'hw_ila_1' triggered at 2024-Nov-30 05:02:16
INFO: [Labtools 27-3304] ILA Waveform data saved to file E:/ad_hdmi/vivado_ad9238/vivado_ad9238.hw/backup/hw_ila_data_1.ila. Use Tcl command 'read_hw_ila_data' or Vivado File->Import->Import ILA Data menu item to import the previously saved data.
run_hw_ila [get_hw_ilas -of_objects [get_hw_devices xc7z010_1] -filter {CELL_NAME=~"ila_0_inst"}]
INFO: [Labtools 27-1964] The ILA core 'hw_ila_1' trigger was armed at 2024-Nov-30 05:02:19
wait_on_hw_ila [get_hw_ilas -of_objects [get_hw_devices xc7z010_1] -filter {CELL_NAME=~"ila_0_inst"}]
display_hw_ila_data [upload_hw_ila_data [get_hw_ilas -of_objects [get_hw_devices xc7z010_1] -filter {CELL_NAME=~"ila_0_inst"}]]
INFO: [Labtools 27-1966] The ILA core 'hw_ila_1' triggered at 2024-Nov-30 05:02:19
INFO: [Labtools 27-3304] ILA Waveform data saved to file E:/ad_hdmi/vivado_ad9238/vivado_ad9238.hw/backup/hw_ila_data_1.ila. Use Tcl command 'read_hw_ila_data' or Vivado File->Import->Import ILA Data menu item to import the previously saved data.
set_property PROBES.FILE {E:/ad_hdmi/vivado_ad9238/vivado_ad9238.runs/impl_1/top.ltx} [get_hw_devices xc7z010_1]
set_property FULL_PROBES.FILE {E:/ad_hdmi/vivado_ad9238/vivado_ad9238.runs/impl_1/top.ltx} [get_hw_devices xc7z010_1]
set_property PROGRAM.FILE {E:/ad_hdmi/vivado_ad9238/vivado_ad9238.runs/impl_1/top.bit} [get_hw_devices xc7z010_1]
program_hw_devices [get_hw_devices xc7z010_1]
INFO: [Labtools 27-3164] End of startup status: HIGH
refresh_hw_device [lindex [get_hw_devices xc7z010_1] 0]
INFO: [Labtools 27-2302] Device xc7z010 (JTAG device index = 1) is programmed with a design that has 1 ILA core(s).
export_ip_user_files -of_objects  [get_files e:/ad_hdmi/vivado_ad9238/vivado_ad9238.srcs/sources_1/ip/ila_1/ila_1.xci] -no_script -reset -force -quiet
remove_files  -fileset ila_1 e:/ad_hdmi/vivado_ad9238/vivado_ad9238.srcs/sources_1/ip/ila_1/ila_1.xci
INFO: [Project 1-386] Moving file 'e:/ad_hdmi/vivado_ad9238/vivado_ad9238.srcs/sources_1/ip/ila_1/ila_1.xci' from fileset 'ila_1' to fileset 'sources_1'.
reset_run synth_1
WARNING: [Vivado 12-1017] Problems encountered:
1. Failed to delete one or more files in run directory E:/ad_hdmi/vivado_ad9238/vivado_ad9238.runs/synth_1

launch_runs impl_1 -jobs 16
WARNING: [Project 1-478] Design 'synth_1' is stale and will not be used when launching 'impl_1'
[Sat Nov 30 05:04:49 2024] Launched synth_1...
Run output will be captured here: E:/ad_hdmi/vivado_ad9238/vivado_ad9238.runs/synth_1/runme.log
[Sat Nov 30 05:04:49 2024] Launched impl_1...
Run output will be captured here: E:/ad_hdmi/vivado_ad9238/vivado_ad9238.runs/impl_1/runme.log
launch_runs impl_1 -to_step write_bitstream -jobs 16
[Sat Nov 30 05:09:18 2024] Launched impl_1...
Run output will be captured here: E:/ad_hdmi/vivado_ad9238/vivado_ad9238.runs/impl_1/runme.log
set_property PROBES.FILE {} [get_hw_devices xc7z010_1]
set_property FULL_PROBES.FILE {} [get_hw_devices xc7z010_1]
set_property PROGRAM.FILE {E:/ad_hdmi/vivado_ad9238/vivado_ad9238.runs/impl_1/top.bit} [get_hw_devices xc7z010_1]
program_hw_devices [get_hw_devices xc7z010_1]
INFO: [Labtools 27-3164] End of startup status: HIGH
refresh_hw_device [lindex [get_hw_devices xc7z010_1] 0]
INFO: [Labtools 27-1434] Device xc7z010 (JTAG device index = 1) is programmed with a design that has no supported debug core(s) in it.
set_property PROBES.FILE {} [get_hw_devices xc7z010_1]
set_property FULL_PROBES.FILE {} [get_hw_devices xc7z010_1]
set_property PROGRAM.FILE {E:/ad_hdmi/vivado_ad9238/vivado_ad9238.runs/impl_1/top.bit} [get_hw_devices xc7z010_1]
program_hw_devices [get_hw_devices xc7z010_1]
INFO: [Labtools 27-3164] End of startup status: HIGH
refresh_hw_device [lindex [get_hw_devices xc7z010_1] 0]
INFO: [Labtools 27-1434] Device xc7z010 (JTAG device index = 1) is programmed with a design that has no supported debug core(s) in it.
reset_run synth_1
WARNING: [Vivado 12-1017] Problems encountered:
1. Failed to delete one or more files in run directory E:/ad_hdmi/vivado_ad9238/vivado_ad9238.runs/synth_1

launch_runs impl_1 -jobs 16
WARNING: [Project 1-478] Design 'synth_1' is stale and will not be used when launching 'impl_1'
[Sat Nov 30 05:22:19 2024] Launched synth_1...
Run output will be captured here: E:/ad_hdmi/vivado_ad9238/vivado_ad9238.runs/synth_1/runme.log
[Sat Nov 30 05:22:19 2024] Launched impl_1...
Run output will be captured here: E:/ad_hdmi/vivado_ad9238/vivado_ad9238.runs/impl_1/runme.log
ERROR: [Labtoolstcl 44-513] HW Target shutdown. Closing target: localhost:3121/xilinx_tcf/Digilent/210512180081
launch_runs impl_1 -to_step write_bitstream -jobs 16
[Sat Nov 30 05:34:08 2024] Launched impl_1...
Run output will be captured here: E:/ad_hdmi/vivado_ad9238/vivado_ad9238.runs/impl_1/runme.log
INFO: [Labtoolstcl 44-466] Opening hw_target localhost:3121/xilinx_tcf/Digilent/210512180081
WARNING: [Labtoolstcl 44-129] No matching hw_ila_data was found.
INFO: [Labtools 27-1434] Device xc7z010 (JTAG device index = 1) is programmed with a design that has no supported debug core(s) in it.
WARNING: [Labtoolstcl 44-129] No matching hw_ila_data was found.
set_property PROBES.FILE {} [get_hw_devices xc7z010_1]
set_property FULL_PROBES.FILE {} [get_hw_devices xc7z010_1]
set_property PROGRAM.FILE {E:/ad_hdmi/vivado_ad9238/vivado_ad9238.runs/impl_1/top.bit} [get_hw_devices xc7z010_1]
program_hw_devices [get_hw_devices xc7z010_1]
INFO: [Labtools 27-3164] End of startup status: HIGH
refresh_hw_device [lindex [get_hw_devices xc7z010_1] 0]
INFO: [Labtools 27-1434] Device xc7z010 (JTAG device index = 1) is programmed with a design that has no supported debug core(s) in it.
WARNING: [IP_Flow 19-4067] Ignoring invalid widget type specified checkbox.Providing a default widget
create_ip -name ila -vendor xilinx.com -library ip -version 6.2 -module_name ila_inst -dir e:/ad_hdmi/vivado_ad9238/vivado_ad9238.srcs/sources_1/ip
set_property -dict [list CONFIG.C_PROBE0_WIDTH {8} CONFIG.Component_Name {ila_inst} CONFIG.C_TRIGOUT_EN {false} CONFIG.C_TRIGIN_EN {false}] [get_ips ila_inst]
WARNING: [Vivado 12-3523] Attempt to change 'Component_Name' from 'ila_inst' to 'ila_inst' is not allowed and is ignored.
generate_target {instantiation_template} [get_files e:/ad_hdmi/vivado_ad9238/vivado_ad9238.srcs/sources_1/ip/ila_inst/ila_inst.xci]
INFO: [IP_Flow 19-1686] Generating 'Instantiation Template' target for IP 'ila_inst'...
update_compile_order -fileset sources_1
generate_target all [get_files  e:/ad_hdmi/vivado_ad9238/vivado_ad9238.srcs/sources_1/ip/ila_inst/ila_inst.xci]
INFO: [IP_Flow 19-1686] Generating 'Synthesis' target for IP 'ila_inst'...
WARNING: [IP_Flow 19-4994] Overwriting existing constraint file 'e:/ad_hdmi/vivado_ad9238/vivado_ad9238.srcs/sources_1/ip/ila_inst/ila_inst_ooc.xdc'
INFO: [IP_Flow 19-1686] Generating 'Simulation' target for IP 'ila_inst'...
INFO: [IP_Flow 19-1686] Generating 'Implementation' target for IP 'ila_inst'...
INFO: [IP_Flow 19-1686] Generating 'Change Log' target for IP 'ila_inst'...
catch { config_ip_cache -export [get_ips -all ila_inst] }
export_ip_user_files -of_objects [get_files e:/ad_hdmi/vivado_ad9238/vivado_ad9238.srcs/sources_1/ip/ila_inst/ila_inst.xci] -no_script -sync -force -quiet
create_ip_run [get_files -of_objects [get_fileset sources_1] e:/ad_hdmi/vivado_ad9238/vivado_ad9238.srcs/sources_1/ip/ila_inst/ila_inst.xci]
launch_runs ila_inst_synth_1 -jobs 16
[Sat Nov 30 05:37:46 2024] Launched ila_inst_synth_1...
Run output will be captured here: E:/ad_hdmi/vivado_ad9238/vivado_ad9238.runs/ila_inst_synth_1/runme.log
export_simulation -of_objects [get_files e:/ad_hdmi/vivado_ad9238/vivado_ad9238.srcs/sources_1/ip/ila_inst/ila_inst.xci] -directory E:/ad_hdmi/vivado_ad9238/vivado_ad9238.ip_user_files/sim_scripts -ip_user_files_dir E:/ad_hdmi/vivado_ad9238/vivado_ad9238.ip_user_files -ipstatic_source_dir E:/ad_hdmi/vivado_ad9238/vivado_ad9238.ip_user_files/ipstatic -lib_map_path [list {modelsim=E:/ad_hdmi/vivado_ad9238/vivado_ad9238.cache/compile_simlib/modelsim} {questa=E:/ad_hdmi/vivado_ad9238/vivado_ad9238.cache/compile_simlib/questa} {riviera=E:/ad_hdmi/vivado_ad9238/vivado_ad9238.cache/compile_simlib/riviera} {activehdl=E:/ad_hdmi/vivado_ad9238/vivado_ad9238.cache/compile_simlib/activehdl}] -use_ip_compiled_libs -force -quiet
export_ip_user_files -of_objects  [get_files e:/ad_hdmi/vivado_ad9238/vivado_ad9238.srcs/sources_1/ip/ila_inst/ila_inst.xci] -no_script -reset -force -quiet
remove_files  -fileset ila_inst e:/ad_hdmi/vivado_ad9238/vivado_ad9238.srcs/sources_1/ip/ila_inst/ila_inst.xci
WARNING: [Vivado 12-1017] Problems encountered:
1. Failed to delete one or more files in run directory E:/ad_hdmi/vivado_ad9238/vivado_ad9238.runs/ila_inst_synth_1

INFO: [Project 1-386] Moving file 'e:/ad_hdmi/vivado_ad9238/vivado_ad9238.srcs/sources_1/ip/ila_inst/ila_inst.xci' from fileset 'ila_inst' to fileset 'sources_1'.
file delete -force e:/ad_hdmi/vivado_ad9238/vivado_ad9238.srcs/sources_1/ip/ila_inst
reset_run synth_1
WARNING: [Vivado 12-1017] Problems encountered:
1. Failed to delete one or more files in run directory E:/ad_hdmi/vivado_ad9238/vivado_ad9238.runs/synth_1

launch_runs impl_1 -jobs 16
WARNING: [Project 1-478] Design 'synth_1' is stale and will not be used when launching 'impl_1'
[Sat Nov 30 05:39:53 2024] Launched synth_1...
Run output will be captured here: E:/ad_hdmi/vivado_ad9238/vivado_ad9238.runs/synth_1/runme.log
[Sat Nov 30 05:39:53 2024] Launched impl_1...
Run output will be captured here: E:/ad_hdmi/vivado_ad9238/vivado_ad9238.runs/impl_1/runme.log
reset_run impl_1
reset_run synth_1
WARNING: [Vivado 12-1017] Problems encountered:
1. Failed to delete one or more files in run directory E:/ad_hdmi/vivado_ad9238/vivado_ad9238.runs/synth_1

launch_runs impl_1 -jobs 16
WARNING: [Project 1-478] Design 'synth_1' is stale and will not be used when launching 'impl_1'
[Sat Nov 30 05:45:39 2024] Launched synth_1...
Run output will be captured here: E:/ad_hdmi/vivado_ad9238/vivado_ad9238.runs/synth_1/runme.log
[Sat Nov 30 05:45:39 2024] Launched impl_1...
Run output will be captured here: E:/ad_hdmi/vivado_ad9238/vivado_ad9238.runs/impl_1/runme.log
launch_runs impl_1 -to_step write_bitstream -jobs 16
[Sat Nov 30 05:50:56 2024] Launched impl_1...
Run output will be captured here: E:/ad_hdmi/vivado_ad9238/vivado_ad9238.runs/impl_1/runme.log
set_property PROBES.FILE {E:/ad_hdmi/vivado_ad9238/vivado_ad9238.runs/impl_1/top.ltx} [get_hw_devices xc7z010_1]
set_property FULL_PROBES.FILE {E:/ad_hdmi/vivado_ad9238/vivado_ad9238.runs/impl_1/top.ltx} [get_hw_devices xc7z010_1]
set_property PROGRAM.FILE {E:/ad_hdmi/vivado_ad9238/vivado_ad9238.runs/impl_1/top.bit} [get_hw_devices xc7z010_1]
program_hw_devices [get_hw_devices xc7z010_1]
INFO: [Labtools 27-3164] End of startup status: HIGH
refresh_hw_device [lindex [get_hw_devices xc7z010_1] 0]
INFO: [Labtools 27-2302] Device xc7z010 (JTAG device index = 1) is programmed with a design that has 1 ILA core(s).
display_hw_ila_data [ get_hw_ila_data hw_ila_data_1 -of_objects [get_hw_ilas -of_objects [get_hw_devices xc7z010_1] -filter {CELL_NAME=~"ila_m0"}]]
WARNING: Simulation object ad9238_data_ch0_IBUF was not found in the design.
WARNING: Simulation object outrddat was not found in the design.
WARNING: Simulation object adc_clk was not found in the design.
WARNING: Simulation object Photogate_judge_IBUF was not found in the design.
reset_run synth_1
WARNING: [Vivado 12-1017] Problems encountered:
1. Failed to delete one or more files in run directory E:/ad_hdmi/vivado_ad9238/vivado_ad9238.runs/synth_1

launch_runs impl_1 -jobs 16
WARNING: [Project 1-478] Design 'synth_1' is stale and will not be used when launching 'impl_1'
[Sat Nov 30 05:52:38 2024] Launched synth_1...
Run output will be captured here: E:/ad_hdmi/vivado_ad9238/vivado_ad9238.runs/synth_1/runme.log
[Sat Nov 30 05:52:38 2024] Launched impl_1...
Run output will be captured here: E:/ad_hdmi/vivado_ad9238/vivado_ad9238.runs/impl_1/runme.log
launch_runs impl_1 -to_step write_bitstream -jobs 16
[Sat Nov 30 05:56:40 2024] Launched impl_1...
Run output will be captured here: E:/ad_hdmi/vivado_ad9238/vivado_ad9238.runs/impl_1/runme.log
ERROR: [Labtoolstcl 44-513] HW Target shutdown. Closing target: localhost:3121/xilinx_tcf/Digilent/210512180081
disconnect_hw_server localhost:3121
connect_hw_server -allow_non_jtag
INFO: [Labtools 27-2285] Connecting to hw_server url TCP:localhost:3121
INFO: [Common 17-41] Interrupt caught. Command should exit soon.
INFO: [Labtools 27-2058] connect_hw_server command cancelled.
connect_hw_server: Time (s): cpu = 00:00:00 ; elapsed = 00:00:26 . Memory (MB): peak = 4382.633 ; gain = 0.000
INFO: [Common 17-344] 'connect_hw_server' was cancelled
connect_hw_server -allow_non_jtag
INFO: [Labtools 27-2285] Connecting to hw_server url TCP:localhost:3121
ERROR: [Labtools 27-3461] Cannot support an older version of hw_server.
ERROR: [Common 17-39] 'connect_hw_server' failed due to earlier errors.
connect_hw_server -allow_non_jtag
INFO: [Labtools 27-2285] Connecting to hw_server url TCP:localhost:3121
INFO: [Labtools 27-3415] Connecting to cs_server url TCP:localhost:3042
INFO: [Labtools 27-3417] Launching cs_server...
INFO: [Labtools 27-2221] Launch Output:


****** Xilinx cs_server v2020.1.0
  **** Build date : May 14 2020-09:10:29
    ** Copyright 2017-2020 Xilinx, Inc. All Rights Reserved.



open_hw_target
INFO: [Labtoolstcl 44-466] Opening hw_target localhost:3121/xilinx_tcf/Digilent/210512180081
set_property PROGRAM.FILE {E:/ad_hdmi/vivado_ad9238/vivado_ad9238.runs/impl_1/top.bit} [get_hw_devices xc7z010_1]
set_property PROBES.FILE {E:/ad_hdmi/vivado_ad9238/vivado_ad9238.runs/impl_1/top.ltx} [get_hw_devices xc7z010_1]
set_property FULL_PROBES.FILE {E:/ad_hdmi/vivado_ad9238/vivado_ad9238.runs/impl_1/top.ltx} [get_hw_devices xc7z010_1]
current_hw_device [get_hw_devices xc7z010_1]
refresh_hw_device [lindex [get_hw_devices xc7z010_1] 0]
INFO: [Labtools 27-2302] Device xc7z010 (JTAG device index = 1) is programmed with a design that has 1 ILA core(s).
display_hw_ila_data [ get_hw_ila_data hw_ila_data_1 -of_objects [get_hw_ilas -of_objects [get_hw_devices xc7z010_1] -filter {CELL_NAME=~"ila_m0"}]]
WARNING: Simulation object ad9238_data_ch0_IBUF was not found in the design.
WARNING: Simulation object outrddat was not found in the design.
WARNING: Simulation object adc_clk was not found in the design.
WARNING: Simulation object Photogate_judge_IBUF was not found in the design.
set_property PROBES.FILE {E:/ad_hdmi/vivado_ad9238/vivado_ad9238.runs/impl_1/top.ltx} [get_hw_devices xc7z010_1]
set_property FULL_PROBES.FILE {E:/ad_hdmi/vivado_ad9238/vivado_ad9238.runs/impl_1/top.ltx} [get_hw_devices xc7z010_1]
set_property PROGRAM.FILE {E:/ad_hdmi/vivado_ad9238/vivado_ad9238.runs/impl_1/top.bit} [get_hw_devices xc7z010_1]
program_hw_devices [get_hw_devices xc7z010_1]
INFO: [Labtools 27-3164] End of startup status: HIGH
refresh_hw_device [lindex [get_hw_devices xc7z010_1] 0]
INFO: [Labtools 27-2302] Device xc7z010 (JTAG device index = 1) is programmed with a design that has 1 ILA core(s).
reset_run synth_1
WARNING: [Vivado 12-1017] Problems encountered:
1. Failed to delete one or more files in run directory E:/ad_hdmi/vivado_ad9238/vivado_ad9238.runs/synth_1

launch_runs impl_1 -jobs 16
WARNING: [Project 1-478] Design 'synth_1' is stale and will not be used when launching 'impl_1'
[Sat Nov 30 05:59:44 2024] Launched synth_1...
Run output will be captured here: E:/ad_hdmi/vivado_ad9238/vivado_ad9238.runs/synth_1/runme.log
[Sat Nov 30 05:59:44 2024] Launched impl_1...
Run output will be captured here: E:/ad_hdmi/vivado_ad9238/vivado_ad9238.runs/impl_1/runme.log
launch_runs impl_1 -to_step write_bitstream -jobs 16
[Sat Nov 30 06:03:59 2024] Launched impl_1...
Run output will be captured here: E:/ad_hdmi/vivado_ad9238/vivado_ad9238.runs/impl_1/runme.log
set_property PROBES.FILE {E:/ad_hdmi/vivado_ad9238/vivado_ad9238.runs/impl_1/top.ltx} [get_hw_devices xc7z010_1]
set_property FULL_PROBES.FILE {E:/ad_hdmi/vivado_ad9238/vivado_ad9238.runs/impl_1/top.ltx} [get_hw_devices xc7z010_1]
set_property PROGRAM.FILE {E:/ad_hdmi/vivado_ad9238/vivado_ad9238.runs/impl_1/top.bit} [get_hw_devices xc7z010_1]
program_hw_devices [get_hw_devices xc7z010_1]
INFO: [Labtools 27-3164] End of startup status: HIGH
refresh_hw_device [lindex [get_hw_devices xc7z010_1] 0]
INFO: [Labtools 27-2302] Device xc7z010 (JTAG device index = 1) is programmed with a design that has 1 ILA core(s).
reset_run synth_1
WARNING: [Vivado 12-1017] Problems encountered:
1. Failed to delete one or more files in run directory E:/ad_hdmi/vivado_ad9238/vivado_ad9238.runs/synth_1

launch_runs impl_1 -jobs 16
WARNING: [Project 1-478] Design 'synth_1' is stale and will not be used when launching 'impl_1'
[Sat Nov 30 06:05:36 2024] Launched synth_1...
Run output will be captured here: E:/ad_hdmi/vivado_ad9238/vivado_ad9238.runs/synth_1/runme.log
[Sat Nov 30 06:05:36 2024] Launched impl_1...
Run output will be captured here: E:/ad_hdmi/vivado_ad9238/vivado_ad9238.runs/impl_1/runme.log
launch_runs impl_1 -to_step write_bitstream -jobs 16
[Sat Nov 30 06:09:39 2024] Launched impl_1...
Run output will be captured here: E:/ad_hdmi/vivado_ad9238/vivado_ad9238.runs/impl_1/runme.log
set_property PROBES.FILE {E:/ad_hdmi/vivado_ad9238/vivado_ad9238.runs/impl_1/top.ltx} [get_hw_devices xc7z010_1]
set_property FULL_PROBES.FILE {E:/ad_hdmi/vivado_ad9238/vivado_ad9238.runs/impl_1/top.ltx} [get_hw_devices xc7z010_1]
set_property PROGRAM.FILE {E:/ad_hdmi/vivado_ad9238/vivado_ad9238.runs/impl_1/top.bit} [get_hw_devices xc7z010_1]
program_hw_devices [get_hw_devices xc7z010_1]
INFO: [Labtools 27-3164] End of startup status: HIGH
refresh_hw_device [lindex [get_hw_devices xc7z010_1] 0]
INFO: [Labtools 27-2302] Device xc7z010 (JTAG device index = 1) is programmed with a design that has 1 ILA core(s).
exit
INFO: [Common 17-206] Exiting Vivado at Sat Nov 30 06:11:09 2024...
