#-----------------------------------------------------------
# Vivado v2020.1 (64-bit)
# SW Build 2902540 on Wed May 27 19:54:49 MDT 2020
# IP Build 2902112 on Wed May 27 22:43:36 MDT 2020
# Start of session at: Sun Nov 24 10:47:59 2024
# Process ID: 38036
# Current directory: E:/AX7010_2023.1-course_s1_fpga-18_ad9238_hdmi/auto_create_project
# Command line: vivado.exe -mode batch -source ad9238.tcl
# Log file: E:/AX7010_2023.1-course_s1_fpga-18_ad9238_hdmi/auto_create_project/vivado.log
# Journal file: E:/AX7010_2023.1-course_s1_fpga-18_ad9238_hdmi/auto_create_project\vivado.jou
#-----------------------------------------------------------
source ad9238.tcl
# set projname "vivado_ad9238"
# set Topname "top"
# set tclpath [pwd]
# cd ..
# set projpath [pwd]
# create_project -force $projname $projpath/$projname -part xc7z010clg400-1
# if {[string equal [get_filesets -quiet sources_1] ""]} {
#   create_fileset -srcset sources_1
# }
# file mkdir $projpath/$projname/$projname.srcs/sources_1/ip
# file mkdir $projpath/$projname/$projname.srcs/sources_1/new
# file mkdir $projpath/$projname/$projname.srcs/sources_1/bd
# if {[string equal [get_filesets -quiet constrs_1] ""]} {
#   create_fileset -constrset constrs_1
# }
# file mkdir $projpath/$projname/$projname.srcs/constrs_1/new
# if {[string equal [get_filesets -quiet sim_1] ""]} {
#   create_fileset -simset sim_1
# }
# file mkdir $projpath/$projname/$projname.srcs/sim_1/new
# set_property  ip_repo_paths  $tclpath/my_ip [current_project]
# update_ip_catalog
INFO: [IP_Flow 19-234] Refreshing IP repositories
INFO: [IP_Flow 19-1700] Loaded user IP repository 'e:/AX7010_2023.1-course_s1_fpga-18_ad9238_hdmi/auto_create_project/my_ip'.
INFO: [IP_Flow 19-2313] Loaded Vivado IP repository 'D:/Vivado/Vivado/2020.1/data/ip'.
# create_ip -name rgb2dvi -vendor digilentinc.com -library ip -version 1.3 -module_name rgb2dvi_0
# generate_target {instantiation_template} [get_files $projpath/$projname/$projname.srcs/sources_1/ip/rgb2dvi_0/rgb2dvi_0.xci]
INFO: [IP_Flow 19-1686] Generating 'Instantiation Template' target for IP 'rgb2dvi_0'...
# create_ip -name clk_wiz -vendor xilinx.com -library ip -version 6.0 -module_name adc_pll
# set_property -dict [list \
#   CONFIG.CLKIN1_JITTER_PS {200.0} \
#   CONFIG.CLKOUT1_JITTER {234.462} \
#   CONFIG.CLKOUT1_PHASE_ERROR {233.132} \
#   CONFIG.CLKOUT1_REQUESTED_OUT_FREQ {65} \
#   CONFIG.MMCM_CLKFBOUT_MULT_F {40.625} \
#   CONFIG.MMCM_CLKIN1_PERIOD {20.000} \
#   CONFIG.MMCM_CLKIN2_PERIOD {10.0} \
#   CONFIG.MMCM_CLKOUT0_DIVIDE_F {15.625} \
#   CONFIG.MMCM_DIVCLK_DIVIDE {2} \
#   CONFIG.PRIM_IN_FREQ {50} \
#   CONFIG.PRIM_SOURCE {No_buffer} \
# ] [get_ips adc_pll]
# generate_target {instantiation_template} [get_files $projpath/$projname/$projname.srcs/sources_1/ip/adc_pll/adc_pll.xci]
INFO: [IP_Flow 19-1686] Generating 'Instantiation Template' target for IP 'adc_pll'...
# create_ip -name clk_wiz -vendor xilinx.com -library ip -version 6.0 -module_name video_pll
# set_property -dict [list \
#   CONFIG.CLKIN1_JITTER_PS {200.0} \
#   CONFIG.CLKOUT1_JITTER {462.435} \
#   CONFIG.CLKOUT1_PHASE_ERROR {610.813} \
#   CONFIG.CLKOUT1_REQUESTED_OUT_FREQ {74.25} \
#   CONFIG.CLKOUT2_JITTER {372.733} \
#   CONFIG.CLKOUT2_PHASE_ERROR {610.813} \
#   CONFIG.CLKOUT2_REQUESTED_OUT_FREQ {371.25} \
#   CONFIG.CLKOUT2_USED {true} \
#   CONFIG.MMCM_CLKFBOUT_MULT_F {59.375} \
#   CONFIG.MMCM_CLKIN1_PERIOD {20.000} \
#   CONFIG.MMCM_CLKIN2_PERIOD {10.0} \
#   CONFIG.MMCM_CLKOUT0_DIVIDE_F {10.000} \
#   CONFIG.MMCM_CLKOUT1_DIVIDE {2} \
#   CONFIG.MMCM_DIVCLK_DIVIDE {4} \
#   CONFIG.NUM_OUT_CLKS {2} \
#   CONFIG.PRIM_IN_FREQ {50} \
# ] [get_ips video_pll]
# generate_target {instantiation_template} [get_files $projpath/$projname/$projname.srcs/sources_1/ip/video_pll/video_pll.xci]
INFO: [IP_Flow 19-1686] Generating 'Instantiation Template' target for IP 'video_pll'...
# create_ip -name blk_mem_gen -vendor xilinx.com -library ip -version 8.4 -module_name dpram2048x8
# set_property -dict [list \
#   CONFIG.Memory_Type {Simple_Dual_Port_RAM} \
#   CONFIG.Register_PortB_Output_of_Memory_Primitives {false} \
#   CONFIG.Write_Depth_A {2048} \
#   CONFIG.Write_Width_A {8} \
# ] [get_ips dpram2048x8]
# generate_target {instantiation_template} [get_files $projpath/$projname/$projname.srcs/sources_1/ip/dpram2048x8/dpram2048x8.xci]
INFO: [IP_Flow 19-1686] Generating 'Instantiation Template' target for IP 'dpram2048x8'...
# add_files -fileset sources_1  -copy_to $projpath/$projname/$projname.srcs/sources_1/new -force -quiet [glob -nocomplain $tclpath/src/design/*.v]
# add_files -fileset sim_1  -copy_to $projpath/$projname/$projname.srcs/sim_1/new -force -quiet [glob -nocomplain $tclpath/src/testbench/*.v]
# add_files -fileset constrs_1  -copy_to $projpath/$projname/$projname.srcs/constrs_1/new -force -quiet [glob -nocomplain $tclpath/src/constraints/*.xdc]
# set_property top_file "/$projpath/$projname/$projname.srcs/sources_1/new/$Topname.v" [current_fileset]
# launch_runs synth_1 impl_1 -jobs 5
INFO: [IP_Flow 19-1686] Generating 'Synthesis' target for IP 'rgb2dvi_0'...
INFO: [IP_Flow 19-1686] Generating 'Synthesis' target for IP 'adc_pll'...
INFO: [IP_Flow 19-1686] Generating 'Implementation' target for IP 'adc_pll'...
INFO: [IP_Flow 19-1686] Generating 'Synthesis' target for IP 'video_pll'...
INFO: [IP_Flow 19-1686] Generating 'Implementation' target for IP 'video_pll'...
INFO: [IP_Flow 19-1686] Generating 'Synthesis' target for IP 'dpram2048x8'...
CRITICAL WARNING: [filemgmt 20-742] The top module "< Not Defined >" specified for this project can not be validated. The current project is using automatic hierarchy update mode, and hence a new suitable replacement top will be automatically selected. If this is not desired, please change the hierarchy update mode to one of the manual compile order modes first, and then set top to any desired value.
Resolution: To switch to manual update order go to the Sources view, right-click on any node in the hierarchy and in the context menu select: 'Hierarchy Update' option 'No Update' or run the following Tcl Command: set_property source_mgmt_mode None [current_project] (which is the Manual Compile Order mode).
[Sun Nov 24 10:48:18 2024] Launched video_pll_synth_1, dpram2048x8_synth_1, adc_pll_synth_1, rgb2dvi_0_synth_1, synth_1...
Run output will be captured here:
video_pll_synth_1: E:/AX7010_2023.1-course_s1_fpga-18_ad9238_hdmi/vivado_ad9238/vivado_ad9238.runs/video_pll_synth_1/runme.log
dpram2048x8_synth_1: E:/AX7010_2023.1-course_s1_fpga-18_ad9238_hdmi/vivado_ad9238/vivado_ad9238.runs/dpram2048x8_synth_1/runme.log
adc_pll_synth_1: E:/AX7010_2023.1-course_s1_fpga-18_ad9238_hdmi/vivado_ad9238/vivado_ad9238.runs/adc_pll_synth_1/runme.log
rgb2dvi_0_synth_1: E:/AX7010_2023.1-course_s1_fpga-18_ad9238_hdmi/vivado_ad9238/vivado_ad9238.runs/rgb2dvi_0_synth_1/runme.log
synth_1: E:/AX7010_2023.1-course_s1_fpga-18_ad9238_hdmi/vivado_ad9238/vivado_ad9238.runs/synth_1/runme.log
[Sun Nov 24 10:48:18 2024] Launched synth_1, impl_1...
Run output will be captured here:
synth_1: E:/AX7010_2023.1-course_s1_fpga-18_ad9238_hdmi/vivado_ad9238/vivado_ad9238.runs/synth_1/runme.log
impl_1: E:/AX7010_2023.1-course_s1_fpga-18_ad9238_hdmi/vivado_ad9238/vivado_ad9238.runs/impl_1/runme.log
# wait_on_run synth_1
[Sun Nov 24 10:48:18 2024] Waiting for synth_1 to finish...
